<html>
<body>
<pre>
<h1>µVision Build Log</h1>
<h2>Project:</h2>
C:\Keil\Labware\Lab15_SpaceInvaders_ST7735\SpaceInvaders.uvproj
Project File Date:  11/28/2020

<h2>Output:</h2>
Build target 'SpaceInvaders'
linking...
Program Size: Code=8780 RO-data=21788 RW-data=184 ZI-data=2048  
".\SpaceInvaders.axf" - 0 Error(s), 0 Warning(s).
Load "C:\\Keil\\Labware\\Lab15_SpaceInvaders_ST7735\\SpaceInvaders.axf" 
Connecting: Mode=JTAG, Speed=1000000Hz
Erase Done.
Programming Done.
Verify OK.
