ARM Linker, 5.03 [Build 76] [MDK-ARM Lite]

==============================================================================

Section Cross References

    startup.o(STACK) refers (Special) to heapauxi.o(.text) for __use_two_region_memory
    startup.o(HEAP) refers (Special) to heapauxi.o(.text) for __use_two_region_memory
    startup.o(RESET) refers (Special) to heapauxi.o(.text) for __use_two_region_memory
    startup.o(RESET) refers to startup.o(STACK) for StackMem
    startup.o(RESET) refers to spaceinvaders.o(i.SysTick_Handler) for SysTick_Handler
    startup.o(RESET) refers to timer0.o(i.Timer0A_Handler) for Timer0A_Handler
    startup.o(RESET) refers to timer1.o(i.Timer1A_Handler) for Timer1A_Handler
    startup.o(RESET) refers to __main.o(!!!main) for __main
    startup.o(.text) refers (Special) to heapauxi.o(.text) for __use_two_region_memory
    startup.o(.text) refers to startup.o(HEAP) for HeapMem
    startup.o(.text) refers to startup.o(STACK) for StackMem
    random.o(.text) refers to random.o(DATA) for M
    timer0.o(i.Timer0A_Handler) refers to timer0.o(.data) for PeriodicTask0
    timer0.o(i.Timer0_Init) refers to timer0.o(.data) for PeriodicTask0
    timer1.o(i.Timer1A_Handler) refers to timer1.o(.data) for PeriodicTask1
    timer1.o(i.Timer1_Init) refers to timer1.o(.data) for PeriodicTask1
    sound.o(i.Sound_Explosion) refers to sound.o(i.Sound_Play) for Sound_Play
    sound.o(i.Sound_Explosion) refers to sound.o(.constdata) for explosion
    sound.o(i.Sound_Highpitch) refers to sound.o(i.Sound_Play) for Sound_Play
    sound.o(i.Sound_Highpitch) refers to sound.o(.constdata) for highpitch
    sound.o(i.Sound_Init) refers to dac.o(i.DAC_Init) for DAC_Init
    sound.o(i.Sound_Init) refers to timer0.o(i.Timer0_Init) for Timer0_Init
    sound.o(i.Sound_Init) refers to sound.o(.data) for Z
    sound.o(i.Sound_Init) refers to sound.o(i.Sound_Master) for Sound_Master
    sound.o(i.Sound_Killed) refers to sound.o(i.Sound_Play) for Sound_Play
    sound.o(i.Sound_Killed) refers to sound.o(.constdata) for invaderkilled
    sound.o(i.Sound_Master) refers to dac.o(i.DAC_Out) for DAC_Out
    sound.o(i.Sound_Master) refers to sound.o(.data) for Len
    sound.o(i.Sound_Play) refers to sound.o(.data) for curr
    sound.o(i.Sound_Shoot) refers to sound.o(i.Sound_Play) for Sound_Play
    sound.o(i.Sound_Shoot) refers to sound.o(.constdata) for shoot
    print.o(.text) refers to print.o(DATA) for String
    spaceinvaders.o(i.Button1Press) refers to spaceinvaders.o(.data) for OnePressed
    spaceinvaders.o(i.Button2Press) refers to spaceinvaders.o(.data) for TwoPressed
    spaceinvaders.o(i.Create) refers to spaceinvaders.o(i.CreateP) for CreateP
    spaceinvaders.o(i.Create) refers to spaceinvaders.o(i.CreateE) for CreateE
    spaceinvaders.o(i.Create) refers to spaceinvaders.o(i.ELasers) for ELasers
    spaceinvaders.o(i.Create) refers to spaceinvaders.o(i.PLasers) for PLasers
    spaceinvaders.o(i.CreateE) refers to st7735.o(i.ST7735_DrawBitmap) for ST7735_DrawBitmap
    spaceinvaders.o(i.CreateE) refers to spaceinvaders.o(.bss) for Enemies
    spaceinvaders.o(i.CreateE) refers to spaceinvaders.o(.data) for FrameCount
    spaceinvaders.o(i.CreateE) refers to spaceinvaders.o(.constdata) for Explosion
    spaceinvaders.o(i.CreateLangScn) refers to st7735.o(i.ST7735_FillScreen) for ST7735_FillScreen
    spaceinvaders.o(i.CreateLangScn) refers to st7735.o(i.ST7735_SetCursor) for ST7735_SetCursor
    spaceinvaders.o(i.CreateLangScn) refers to st7735.o(i.ST7735_OutString) for ST7735_OutString
    spaceinvaders.o(i.CreateP) refers to st7735.o(i.ST7735_DrawBitmap) for ST7735_DrawBitmap
    spaceinvaders.o(i.CreateP) refers to spaceinvaders.o(.bss) for Player
    spaceinvaders.o(i.CreateP) refers to spaceinvaders.o(.constdata) for Explosion
    spaceinvaders.o(i.CreateStartScn) refers to st7735.o(i.ST7735_FillScreen) for ST7735_FillScreen
    spaceinvaders.o(i.CreateStartScn) refers to st7735.o(i.ST7735_SetCursor) for ST7735_SetCursor
    spaceinvaders.o(i.CreateStartScn) refers to st7735.o(i.ST7735_OutString) for ST7735_OutString
    spaceinvaders.o(i.ELasers) refers to st7735.o(i.ST7735_DrawBitmap) for ST7735_DrawBitmap
    spaceinvaders.o(i.ELasers) refers to sound.o(i.Sound_Shoot) for Sound_Shoot
    spaceinvaders.o(i.ELasers) refers to spaceinvaders.o(.bss) for EnemyLasers
    spaceinvaders.o(i.EnemyFire) refers to spaceinvaders.o(i.RandomNumber) for RandomNumber
    spaceinvaders.o(i.EnemyFire) refers to spaceinvaders.o(.data) for FireDelay
    spaceinvaders.o(i.EnemyFire) refers to spaceinvaders.o(.bss) for Enemies
    spaceinvaders.o(i.EnemyFire) refers to spaceinvaders.o(.constdata) for EnemyLaser1
    spaceinvaders.o(i.EnemyHit) refers to spaceinvaders.o(i.UpdateScore) for UpdateScore
    spaceinvaders.o(i.EnemyHit) refers to sound.o(i.Sound_Killed) for Sound_Killed
[...]
    st7735.o(i.ST7735_OutUDec) refers to st7735.o(.data) for Messageindex
    st7735.o(i.ST7735_OutUDec) refers to st7735.o(.bss) for Message
    st7735.o(i.ST7735_PlotBar) refers to st7735.o(i.ST7735_DrawFastVLine) for ST7735_DrawFastVLine
    st7735.o(i.ST7735_PlotBar) refers to st7735.o(.data) for Ymin
    st7735.o(i.ST7735_PlotClear) refers to st7735.o(i.ST7735_Color565) for ST7735_Color565
    st7735.o(i.ST7735_PlotClear) refers to st7735.o(i.ST7735_FillRect) for ST7735_FillRect
    st7735.o(i.ST7735_PlotClear) refers to st7735.o(.data) for Ymax
    st7735.o(i.ST7735_PlotLine) refers to st7735.o(i.ST7735_DrawPixel) for ST7735_DrawPixel
    st7735.o(i.ST7735_PlotLine) refers to st7735.o(.data) for Ymin
    st7735.o(i.ST7735_PlotNext) refers to st7735.o(.data) for X
    st7735.o(i.ST7735_PlotNextErase) refers to st7735.o(i.ST7735_Color565) for ST7735_Color565
    st7735.o(i.ST7735_PlotNextErase) refers to st7735.o(i.ST7735_DrawFastVLine) for ST7735_DrawFastVLine
    st7735.o(i.ST7735_PlotNextErase) refers to st7735.o(.data) for X
    st7735.o(i.ST7735_PlotPoint) refers to st7735.o(i.ST7735_DrawPixel) for ST7735_DrawPixel
    st7735.o(i.ST7735_PlotPoint) refers to st7735.o(.data) for Ymin
    st7735.o(i.ST7735_PlotPoints) refers to st7735.o(i.ST7735_DrawPixel) for ST7735_DrawPixel
    st7735.o(i.ST7735_PlotPoints) refers to st7735.o(.data) for Ymin
    st7735.o(i.ST7735_PlotdBfs) refers to st7735.o(i.ST7735_DrawFastVLine) for ST7735_DrawFastVLine
    st7735.o(i.ST7735_PlotdBfs) refers to st7735.o(.constdata) for dBfs
    st7735.o(i.ST7735_PlotdBfs) refers to st7735.o(.data) for X
    st7735.o(i.ST7735_SetCursor) refers to st7735.o(.data) for StX
    st7735.o(i.ST7735_SetRotation) refers to st7735.o(i.writecommand) for writecommand
    st7735.o(i.ST7735_SetRotation) refers to st7735.o(i.writedata) for writedata
    st7735.o(i.ST7735_SetRotation) refers to st7735.o(.data) for Rotation
    st7735.o(i.ST7735_SetTextColor) refers to st7735.o(.data) for StTextColor
    st7735.o(i.commandList) refers to st7735.o(i.writecommand) for writecommand
    st7735.o(i.commandList) refers to st7735.o(i.writedata) for writedata
    st7735.o(i.commandList) refers to st7735.o(i.Delay1ms) for Delay1ms
    st7735.o(i.commonInit) refers to st7735.o(i.Delay1ms) for Delay1ms
    st7735.o(i.commonInit) refers to st7735.o(i.commandList) for commandList
    st7735.o(i.commonInit) refers to st7735.o(.data) for RowStart
    st7735.o(i.fillmessage) refers to st7735.o(.bss) for Message
    st7735.o(i.fillmessage) refers to st7735.o(.data) for Messageindex
    st7735.o(i.fputc) refers to st7735.o(i.ST7735_OutChar) for ST7735_OutChar
    st7735.o(i.pushColor) refers to st7735.o(i.writedata) for writedata
    st7735.o(i.setAddrWindow) refers to st7735.o(i.writecommand) for writecommand
    st7735.o(i.setAddrWindow) refers to st7735.o(i.writedata) for writedata
    st7735.o(i.setAddrWindow) refers to st7735.o(.data) for ColStart
    __main.o(!!!main) refers to rtentry.o(.ARM.Collect$$rtentry$$00000000) for __rt_entry
    rtentry.o(.ARM.Collect$$rtentry$$00000000) refers (Special) to rtentry2.o(.ARM.Collect$$rtentry$$0000000A) for __rt_entry_li
    rtentry.o(.ARM.Collect$$rtentry$$00000000) refers (Special) to rtentry2.o(.ARM.Collect$$rtentry$$0000000D) for __rt_entry_main
    rtentry.o(.ARM.Collect$$rtentry$$00000000) refers (Special) to rtentry2.o(.ARM.Collect$$rtentry$$0000000C) for __rt_entry_postli_1
    rtentry.o(.ARM.Collect$$rtentry$$00000000) refers (Special) to rtentry2.o(.ARM.Collect$$rtentry$$00000009) for __rt_entry_postsh_1
    rtentry.o(.ARM.Collect$$rtentry$$00000000) refers (Special) to rtentry2.o(.ARM.Collect$$rtentry$$00000002) for __rt_entry_presh_1
    rtentry.o(.ARM.Collect$$rtentry$$00000000) refers (Special) to rtentry4.o(.ARM.Collect$$rtentry$$00000004) for __rt_entry_sh
    rtentry2.o(.ARM.Collect$$rtentry$$00000008) refers to boardinit2.o(.text) for _platform_post_stackheap_init
    rtentry2.o(.ARM.Collect$$rtentry$$0000000A) refers to libinit.o(.ARM.Collect$$libinit$$00000000) for __rt_lib_init
    rtentry2.o(.ARM.Collect$$rtentry$$0000000B) refers to boardinit3.o(.text) for _platform_post_lib_init
    rtentry2.o(.ARM.Collect$$rtentry$$0000000D) refers to spaceinvaders.o(i.main) for main
    rtentry2.o(.ARM.Collect$$rtentry$$0000000D) refers to exit.o(.text) for exit
    rtentry2.o(.ARM.exidx) refers to rtentry2.o(.ARM.Collect$$rtentry$$00000001) for .ARM.Collect$$rtentry$$00000001
    rtentry2.o(.ARM.exidx) refers to rtentry2.o(.ARM.Collect$$rtentry$$00000008) for .ARM.Collect$$rtentry$$00000008
    rtentry2.o(.ARM.exidx) refers to rtentry2.o(.ARM.Collect$$rtentry$$0000000A) for .ARM.Collect$$rtentry$$0000000A
    rtentry2.o(.ARM.exidx) refers to rtentry2.o(.ARM.Collect$$rtentry$$0000000B) for .ARM.Collect$$rtentry$$0000000B
    rtentry2.o(.ARM.exidx) refers to rtentry2.o(.ARM.Collect$$rtentry$$0000000D) for .ARM.Collect$$rtentry$$0000000D
    rtentry4.o(.ARM.Collect$$rtentry$$00000004) refers to sys_stackheap_outer.o(.text) for __user_setup_stackheap
    rtentry4.o(.ARM.exidx) refers to rtentry4.o(.ARM.Collect$$rtentry$$00000004) for .ARM.Collect$$rtentry$$00000004
    sys_stackheap_outer.o(.text) refers to libspace.o(.text) for __user_perproc_libspace
    sys_stackheap_outer.o(.text) refers to startup.o(.text) for __user_initial_stackheap
    exit.o(.text) refers to rtexit.o(.ARM.Collect$$rtexit$$00000000) for __rt_exit
    libinit.o(.ARM.Collect$$libinit$$00000000) refers (Special) to libinit2.o(.ARM.Collect$$libinit$$0000002C) for __rt_lib_init_alloca_1
    libinit.o(.ARM.Collect$$libinit$$00000000) refers (Special) to libinit2.o(.ARM.Collect$$libinit$$0000002A) for __rt_lib_init_argv_1
    libinit.o(.ARM.Collect$$libinit$$00000000) refers (Special) to libinit2.o(.ARM.Collect$$libinit$$00000019) for __rt_lib_init_atexit_1
    libinit.o(.ARM.Collect$$libinit$$00000000) refers (Special) to libinit2.o(.ARM.Collect$$libinit$$0000001F) for __rt_lib_init_clock_1
    libinit.o(.ARM.Collect$$libinit$$00000000) refers (Special) to libinit2.o(.ARM.Collect$$libinit$$00000030) for __rt_lib_init_cpp_1
    libinit.o(.ARM.Collect$$libinit$$00000000) refers (Special) to libinit2.o(.ARM.Collect$$libinit$$0000002E) for __rt_lib_init_exceptions_1
    libinit.o(.ARM.Collect$$libinit$$00000000) refers (Special) to libinit2.o(.ARM.Collect$$libinit$$00000002) for __rt_lib_init_fp_1
    libinit.o(.ARM.Collect$$libinit$$00000000) refers (Special) to libinit2.o(.ARM.Collect$$libinit$$0000001D) for __rt_lib_init_fp_trap_1
    libinit.o(.ARM.Collect$$libinit$$00000000) refers (Special) to libinit2.o(.ARM.Collect$$libinit$$00000021) for __rt_lib_init_getenv_1
    libinit.o(.ARM.Collect$$libinit$$00000000) refers (Special) to libinit2.o(.ARM.Collect$$libinit$$00000008) for __rt_lib_init_heap_1
    libinit.o(.ARM.Collect$$libinit$$00000000) refers (Special) to libinit2.o(.ARM.Collect$$libinit$$0000000F) for __rt_lib_init_lc_collate_1
    libinit.o(.ARM.Collect$$libinit$$00000000) refers (Special) to libinit2.o(.ARM.Collect$$libinit$$00000011) for __rt_lib_init_lc_ctype_1
    libinit.o(.ARM.Collect$$libinit$$00000000) refers (Special) to libinit2.o(.ARM.Collect$$libinit$$00000013) for __rt_lib_init_lc_monetary_1
    libinit.o(.ARM.Collect$$libinit$$00000000) refers (Special) to libinit2.o(.ARM.Collect$$libinit$$00000015) for __rt_lib_init_lc_numeric_1
    libinit.o(.ARM.Collect$$libinit$$00000000) refers (Special) to libinit2.o(.ARM.Collect$$libinit$$00000017) for __rt_lib_init_lc_time_1
    libinit.o(.ARM.Collect$$libinit$$00000000) refers (Special) to libinit2.o(.ARM.Collect$$libinit$$0000000C) for __rt_lib_init_rand_1
    libinit.o(.ARM.Collect$$libinit$$00000000) refers (Special) to libinit2.o(.ARM.Collect$$libinit$$00000031) for __rt_lib_init_return
    libinit.o(.ARM.Collect$$libinit$$00000000) refers (Special) to libinit2.o(.ARM.Collect$$libinit$$0000001B) for __rt_lib_init_signal_1
    libinit.o(.ARM.Collect$$libinit$$00000000) refers (Special) to libinit2.o(.ARM.Collect$$libinit$$00000023) for __rt_lib_init_stdio_1
    libinit.o(.ARM.Collect$$libinit$$00000000) refers (Special) to libinit2.o(.ARM.Collect$$libinit$$0000000A) for __rt_lib_init_user_alloc_1
    libspace.o(.text) refers to libspace.o(.bss) for __libspace_start
    rtexit.o(.ARM.Collect$$rtexit$$00000000) refers (Special) to rtexit2.o(.ARM.Collect$$rtexit$$00000004) for __rt_exit_exit
    rtexit.o(.ARM.Collect$$rtexit$$00000000) refers (Special) to rtexit2.o(.ARM.Collect$$rtexit$$00000003) for __rt_exit_ls
    rtexit.o(.ARM.Collect$$rtexit$$00000000) refers (Special) to rtexit2.o(.ARM.Collect$$rtexit$$00000002) for __rt_exit_prels_1
    rtexit.o(.ARM.exidx) refers (Special) to rtexit2.o(.ARM.Collect$$rtexit$$00000004) for __rt_exit_exit
    rtexit.o(.ARM.exidx) refers (Special) to rtexit2.o(.ARM.Collect$$rtexit$$00000003) for __rt_exit_ls
    rtexit.o(.ARM.exidx) refers (Special) to rtexit2.o(.ARM.Collect$$rtexit$$00000002) for __rt_exit_prels_1
    rtexit.o(.ARM.exidx) refers to rtexit.o(.ARM.Collect$$rtexit$$00000000) for .ARM.Collect$$rtexit$$00000000
    libinit2.o(.ARM.Collect$$libinit$$0000000E) refers to libinit2.o(.ARM.Collect$$libinit$$0000000D) for .ARM.Collect$$libinit$$0000000D
    libinit2.o(.ARM.Collect$$libinit$$00000010) refers to libinit2.o(.ARM.Collect$$libinit$$0000000D) for .ARM.Collect$$libinit$$0000000D
    libinit2.o(.ARM.Collect$$libinit$$00000012) refers to libinit2.o(.ARM.Collect$$libinit$$0000000D) for .ARM.Collect$$libinit$$0000000D
    libinit2.o(.ARM.Collect$$libinit$$00000014) refers to libinit2.o(.ARM.Collect$$libinit$$0000000D) for .ARM.Collect$$libinit$$0000000D
    libinit2.o(.ARM.Collect$$libinit$$00000016) refers to libinit2.o(.ARM.Collect$$libinit$$0000000D) for .ARM.Collect$$libinit$$0000000D
    libinit2.o(.ARM.Collect$$libinit$$00000024) refers to argv_veneer.o(.emb_text) for __ARM_argv_veneer
    libinit2.o(.ARM.Collect$$libinit$$00000025) refers to argv_veneer.o(.emb_text) for __ARM_argv_veneer
    rtexit2.o(.ARM.Collect$$rtexit$$00000003) refers to libshutdown.o(.ARM.Collect$$libshutdown$$00000000) for __rt_lib_shutdown
    rtexit2.o(.ARM.Collect$$rtexit$$00000004) refers to sys_exit.o(.text) for _sys_exit
    rtexit2.o(.ARM.exidx) refers to rtexit2.o(.ARM.Collect$$rtexit$$00000001) for .ARM.Collect$$rtexit$$00000001
    rtexit2.o(.ARM.exidx) refers to rtexit2.o(.ARM.Collect$$rtexit$$00000003) for .ARM.Collect$$rtexit$$00000003
    rtexit2.o(.ARM.exidx) refers to rtexit2.o(.ARM.Collect$$rtexit$$00000004) for .ARM.Collect$$rtexit$$00000004
    argv_veneer.o(.emb_text) refers to no_argv.o(.text) for __ARM_get_argv
    sys_exit.o(.text) refers (Special) to use_no_semi.o(.text) for __I$use$semihosting
    sys_exit.o(.text) refers (Special) to indicate_semi.o(.text) for __semihosting_library_function
    _get_argv_nomalloc.o(.text) refers (Special) to hrguard.o(.text) for __heap_region$guard
    _get_argv_nomalloc.o(.text) refers to defsig_rtmem_outer.o(.text) for __rt_SIGRTMEM
    _get_argv_nomalloc.o(.text) refers to sys_command.o(.text) for _sys_command_string
    libshutdown.o(.ARM.Collect$$libshutdown$$00000000) refers (Special) to libshutdown2.o(.ARM.Collect$$libshutdown$$00000006) for __rt_lib_shutdown_fp_trap_1
    libshutdown.o(.ARM.Collect$$libshutdown$$00000000) refers (Special) to libshutdown2.o(.ARM.Collect$$libshutdown$$0000000E) for __rt_lib_shutdown_heap_1
    libshutdown.o(.ARM.Collect$$libshutdown$$00000000) refers (Special) to libshutdown2.o(.ARM.Collect$$libshutdown$$0000000F) for __rt_lib_shutdown_return
    libshutdown.o(.ARM.Collect$$libshutdown$$00000000) refers (Special) to libshutdown2.o(.ARM.Collect$$libshutdown$$00000009) for __rt_lib_shutdown_signal_1
    libshutdown.o(.ARM.Collect$$libshutdown$$00000000) refers (Special) to libshutdown2.o(.ARM.Collect$$libshutdown$$00000003) for __rt_lib_shutdown_stdio_1
    libshutdown.o(.ARM.Collect$$libshutdown$$00000000) refers (Special) to libshutdown2.o(.ARM.Collect$$libshutdown$$0000000B) for __rt_lib_shutdown_user_alloc_1
    sys_command.o(.text) refers (Special) to use_no_semi.o(.text) for __I$use$semihosting
    sys_command.o(.text) refers (Special) to indicate_semi.o(.text) for __semihosting_library_function
    defsig_rtmem_outer.o(.text) refers to defsig_rtmem_inner.o(.text) for __rt_SIGRTMEM_inner
    defsig_rtmem_outer.o(.text) refers to defsig_exit.o(.text) for __sig_exit
    defsig_rtmem_formal.o(.text) refers to rt_raise.o(.text) for __rt_raise
    rt_raise.o(.text) refers to __raise.o(.text) for __raise
    rt_raise.o(.text) refers to sys_exit.o(.text) for _sys_exit
    defsig_exit.o(.text) refers to sys_exit.o(.text) for _sys_exit
    defsig_rtmem_inner.o(.text) refers to defsig_general.o(.text) for __default_signal_display
    __raise.o(.text) refers to defsig.o(CL$$defsig) for __default_signal_handler
    defsig_general.o(.text) refers to sys_wrch.o(.text) for _ttywrch
    sys_wrch.o(.text) refers (Special) to use_no_semi.o(.text) for __I$use$semihosting
    sys_wrch.o(.text) refers (Special) to indicate_semi.o(.text) for __semihosting_library_function
    defsig.o(CL$$defsig) refers to defsig_rtmem_inner.o(.text) for __rt_SIGRTMEM_inner
    defsig_abrt_inner.o(.text) refers to defsig_general.o(.text) for __default_signal_display
    defsig_fpe_inner.o(.text) refers to defsig_general.o(.text) for __default_signal_display
    defsig_rtred_inner.o(.text) refers to defsig_general.o(.text) for __default_signal_display
    defsig_stak_inner.o(.text) refers to defsig_general.o(.text) for __default_signal_display
    defsig_pvfn_inner.o(.text) refers to defsig_general.o(.text) for __default_signal_display
    defsig_cppl_inner.o(.text) refers to defsig_general.o(.text) for __default_signal_display
    defsig_segv_inner.o(.text) refers to defsig_general.o(.text) for __default_signal_display
    defsig_other.o(.text) refers to defsig_general.o(.text) for __default_signal_display


==============================================================================

Removing Unused input sections from the image.

    Removing adc.o(i.Convert), (24 bytes).
    Removing sound.o(i.Sound_Explosion), (20 bytes).
    Removing sound.o(i.Sound_Fastinvader1), (2 bytes).
    Removing sound.o(i.Sound_Fastinvader2), (2 bytes).
    Removing sound.o(i.Sound_Fastinvader3), (2 bytes).
    Removing sound.o(i.Sound_Fastinvader4), (2 bytes).
    Removing sound.o(i.Sound_Highpitch), (20 bytes).
    Removing spaceinvaders.o(i.Delay100ms), (36 bytes).
    Removing spaceinvaders.o(i.LCD_OutDistance), (24 bytes).
    Removing st7735.o(i.Output_Clear), (10 bytes).
    Removing st7735.o(i.Output_Color), (12 bytes).
    Removing st7735.o(i.Output_Off), (8 bytes).
    Removing st7735.o(i.Output_On), (8 bytes).
    Removing st7735.o(i.ST7735_Color565), (24 bytes).
    Removing st7735.o(i.ST7735_DrawChar), (268 bytes).
    Removing st7735.o(i.ST7735_DrawCircle), (172 bytes).
    Removing st7735.o(i.ST7735_DrawFastHLine), (124 bytes).
    Removing st7735.o(i.ST7735_DrawFastVLine), (124 bytes).
    Removing st7735.o(i.ST7735_DrawSmallCircle), (172 bytes).
    Removing st7735.o(i.ST7735_InitB), (40 bytes).
    Removing st7735.o(i.ST7735_InvertDisplay), (22 bytes).
    Removing st7735.o(i.ST7735_OutUDec), (140 bytes).
    Removing st7735.o(i.ST7735_PlotBar), (88 bytes).
    Removing st7735.o(i.ST7735_PlotClear), (92 bytes).
    Removing st7735.o(i.ST7735_PlotLine), (264 bytes).
    Removing st7735.o(i.ST7735_PlotNext), (32 bytes).
    Removing st7735.o(i.ST7735_PlotNextErase), (64 bytes).
    Removing st7735.o(i.ST7735_PlotPoint), (152 bytes).
    Removing st7735.o(i.ST7735_PlotPoints), (172 bytes).
    Removing st7735.o(i.ST7735_PlotdBfs), (60 bytes).
    Removing st7735.o(i.ST7735_SetRotation), (212 bytes).
    Removing st7735.o(i.ST7735_SetTextColor), (12 bytes).
    Removing st7735.o(i.ST7735_SwapColor), (18 bytes).
    Removing st7735.o(i.deselect), (28 bytes).
    Removing st7735.o(i.ferror), (8 bytes).
    Removing st7735.o(i.fgetc), (6 bytes).
    Removing st7735.o(i.fillmessage), (72 bytes).
    Removing st7735.o(i.fputc), (16 bytes).
    Removing st7735.o(.bss), (12 bytes).

39 unused section(s) (total 2564 bytes) removed from the image.

==============================================================================

Image Symbol Table

    Local Symbols

    Symbol Name                              Value     Ov Type        Size  Object(Section)

    RESET                                    0x00000000   Section      644  startup.o(RESET)
    ../clib/angel/boardlib.s                 0x00000000   Number         0  boardinit1.o ABSOLUTE
    ../clib/angel/boardlib.s                 0x00000000   Number         0  boardinit2.o ABSOLUTE
    ../clib/angel/boardlib.s                 0x00000000   Number         0  boardinit3.o ABSOLUTE
    ../clib/angel/boardlib.s                 0x00000000   Number         0  boardshut.o ABSOLUTE
    ../clib/angel/handlers.s                 0x00000000   Number         0  __scatter_copy.o ABSOLUTE
    ../clib/angel/handlers.s                 0x00000000   Number         0  __scatter_zi.o ABSOLUTE
    ../clib/angel/kernel.s                   0x00000000   Number         0  rtentry4.o ABSOLUTE
    ../clib/angel/kernel.s                   0x00000000   Number         0  rtexit2.o ABSOLUTE
    ../clib/angel/kernel.s                   0x00000000   Number         0  rtexit.o ABSOLUTE
    ../clib/angel/kernel.s                   0x00000000   Number         0  rtentry2.o ABSOLUTE
    ../clib/angel/kernel.s                   0x00000000   Number         0  rtentry.o ABSOLUTE
    ../clib/angel/rt.s                       0x00000000   Number         0  rt_raise.o ABSOLUTE
    ../clib/angel/scatter.s                  0x00000000   Number         0  __scatter.o ABSOLUTE
    ../clib/angel/startup.s                  0x00000000   Number         0  __main.o ABSOLUTE
    ../clib/angel/sys.s                      0x00000000   Number         0  sys_stackheap_outer.o ABSOLUTE
    ../clib/angel/sys.s                      0x00000000   Number         0  indicate_semi.o ABSOLUTE
    ../clib/angel/sys.s                      0x00000000   Number         0  use_no_semi.o ABSOLUTE
    ../clib/angel/sys.s                      0x00000000   Number         0  libspace.o ABSOLUTE
    ../clib/angel/sysapp.c                   0x00000000   Number         0  sys_exit.o ABSOLUTE
    ../clib/angel/sysapp.c                   0x00000000   Number         0  sys_command.o ABSOLUTE
    ../clib/angel/sysapp.c                   0x00000000   Number         0  sys_wrch.o ABSOLUTE
    ../clib/armsys.c                         0x00000000   Number         0  _get_argv_nomalloc.o ABSOLUTE
    ../clib/armsys.c                         0x00000000   Number         0  argv_veneer.o ABSOLUTE
    ../clib/armsys.c                         0x00000000   Number         0  argv_veneer.o ABSOLUTE
    ../clib/armsys.c                         0x00000000   Number         0  no_argv.o ABSOLUTE
    ../clib/heapalloc.c                      0x00000000   Number         0  hrguard.o ABSOLUTE
    ../clib/heapaux.c                        0x00000000   Number         0  heapauxi.o ABSOLUTE
    ../clib/libinit.s                        0x00000000   Number         0  libshutdown2.o ABSOLUTE
    ../clib/libinit.s                        0x00000000   Number         0  libinit.o ABSOLUTE
    ../clib/libinit.s                        0x00000000   Number         0  libinit2.o ABSOLUTE
    ../clib/libinit.s                        0x00000000   Number         0  libshutdown.o ABSOLUTE
    ../clib/signal.c                         0x00000000   Number         0  defsig_stak_inner.o ABSOLUTE
    ../clib/signal.c                         0x00000000   Number         0  defsig_rtmem_formal.o ABSOLUTE
    ../clib/signal.c                         0x00000000   Number         0  defsig_fpe_inner.o ABSOLUTE
    ../clib/signal.c                         0x00000000   Number         0  defsig_abrt_inner.o ABSOLUTE
    ../clib/signal.c                         0x00000000   Number         0  defsig_rtmem_outer.o ABSOLUTE
    ../clib/signal.c                         0x00000000   Number         0  defsig_general.o ABSOLUTE
    ../clib/signal.c                         0x00000000   Number         0  defsig_rtmem_inner.o ABSOLUTE
    ../clib/signal.c                         0x00000000   Number         0  defsig_rtred_inner.o ABSOLUTE
    ../clib/signal.c                         0x00000000   Number         0  __raise.o ABSOLUTE
    ../clib/signal.c                         0x00000000   Number         0  defsig_other.o ABSOLUTE
    ../clib/signal.c                         0x00000000   Number         0  defsig_segv_inner.o ABSOLUTE
    ../clib/signal.c                         0x00000000   Number         0  defsig_cppl_inner.o ABSOLUTE
    ../clib/signal.c                         0x00000000   Number         0  defsig_pvfn_inner.o ABSOLUTE
    ../clib/signal.c                         0x00000000   Number         0  defsig_exit.o ABSOLUTE
    ../clib/signal.s                         0x00000000   Number         0  defsig.o ABSOLUTE
    ../clib/stdlib.c                         0x00000000   Number         0  exit.o ABSOLUTE
    ../fplib/fpinit.s                        0x00000000   Number         0  fpinit.o ABSOLUTE
    ADC.c                                    0x00000000   Number         0  adc.o ABSOLUTE
    DAC.c                                    0x00000000   Number         0  dac.o ABSOLUTE
    PLL.c                                    0x00000000   Number         0  pll.o ABSOLUTE
    Print.s                                  0x00000000   Number         0  print.o ABSOLUTE
    ST7735.c                                 0x00000000   Number         0  st7735.o ABSOLUTE
    Sound.c                                  0x00000000   Number         0  sound.o ABSOLUTE
    SpaceInvaders.c                          0x00000000   Number         0  spaceinvaders.o ABSOLUTE
    Timer0.c                                 0x00000000   Number         0  timer0.o ABSOLUTE
    Timer1.c                                 0x00000000   Number         0  timer1.o ABSOLUTE
    dc.s                                     0x00000000   Number         0  dc.o ABSOLUTE
    random.s                                 0x00000000   Number         0  random.o ABSOLUTE
    startup.s                                0x00000000   Number         0  startup.o ABSOLUTE
    !!!main                                  0x00000284   Section        8  __main.o(!!!main)
    !!!scatter                               0x0000028c   Section       52  __scatter.o(!!!scatter)
    !!handler_copy                           0x000002c0   Section       26  __scatter_copy.o(!!handler_copy)
    !!handler_zi                             0x000002dc   Section       28  __scatter_zi.o(!!handler_zi)
    .ARM.Collect$$libinit$$00000000          0x000002f8   Section        2  libinit.o(.ARM.Collect$$libinit$$00000000)
    .ARM.Collect$$libinit$$00000002          0x000002fa   Section        0  libinit2.o(.ARM.Collect$$libinit$$00000002)
    .ARM.Collect$$libinit$$00000008          0x000002fa   Section        0  libinit2.o(.ARM.Collect$$libinit$$00000008)
    .ARM.Collect$$libinit$$0000000A          0x000002fa   Section        0  libinit2.o(.ARM.Collect$$libinit$$0000000A)
    .ARM.Collect$$libinit$$0000000C          0x000002fa   Section        0  libinit2.o(.ARM.Collect$$libinit$$0000000C)
    .ARM.Collect$$libinit$$0000000F          0x000002fa   Section        0  libinit2.o(.ARM.Collect$$libinit$$0000000F)
    .ARM.Collect$$libinit$$00000011          0x000002fa   Section        0  libinit2.o(.ARM.Collect$$libinit$$00000011)
    .ARM.Collect$$libinit$$00000013          0x000002fa   Section        0  libinit2.o(.ARM.Collect$$libinit$$00000013)
    .ARM.Collect$$libinit$$00000015          0x000002fa   Section        0  libinit2.o(.ARM.Collect$$libinit$$00000015)
    .ARM.Collect$$libinit$$00000017          0x000002fa   Section        0  libinit2.o(.ARM.Collect$$libinit$$00000017)
    .ARM.Collect$$libinit$$00000019          0x000002fa   Section        0  libinit2.o(.ARM.Collect$$libinit$$00000019)
    .ARM.Collect$$libinit$$0000001B          0x000002fa   Section        0  libinit2.o(.ARM.Collect$$libinit$$0000001B)
    .ARM.Collect$$libinit$$0000001D          0x000002fa   Section        0  libinit2.o(.ARM.Collect$$libinit$$0000001D)
    .ARM.Collect$$libinit$$0000001F          0x000002fa   Section        0  libinit2.o(.ARM.Collect$$libinit$$0000001F)
    .ARM.Collect$$libinit$$00000021          0x000002fa   Section        0  libinit2.o(.ARM.Collect$$libinit$$00000021)
    .ARM.Collect$$libinit$$00000023          0x000002fa   Section        0  libinit2.o(.ARM.Collect$$libinit$$00000023)
    .ARM.Collect$$libinit$$0000002A          0x000002fa   Section        0  libinit2.o(.ARM.Collect$$libinit$$0000002A)
    .ARM.Collect$$libinit$$0000002C          0x000002fa   Section        0  libinit2.o(.ARM.Collect$$libinit$$0000002C)
    .ARM.Collect$$libinit$$0000002E          0x000002fa   Section        0  libinit2.o(.ARM.Collect$$libinit$$0000002E)
    .ARM.Collect$$libinit$$00000030          0x000002fa   Section        0  libinit2.o(.ARM.Collect$$libinit$$00000030)
    .ARM.Collect$$libinit$$00000031          0x000002fa   Section        2  libinit2.o(.ARM.Collect$$libinit$$00000031)
    .ARM.Collect$$libshutdown$$00000000      0x000002fc   Section        2  libshutdown.o(.ARM.Collect$$libshutdown$$00000000)
    .ARM.Collect$$libshutdown$$00000003      0x000002fe   Section        0  libshutdown2.o(.ARM.Collect$$libshutdown$$00000003)
    .ARM.Collect$$libshutdown$$00000006      0x000002fe   Section        0  libshutdown2.o(.ARM.Collect$$libshutdown$$00000006)
    .ARM.Collect$$libshutdown$$00000009      0x000002fe   Section        0  libshutdown2.o(.ARM.Collect$$libshutdown$$00000009)
    .ARM.Collect$$libshutdown$$0000000B      0x000002fe   Section        0  libshutdown2.o(.ARM.Collect$$libshutdown$$0000000B)
    .ARM.Collect$$libshutdown$$0000000E      0x000002fe   Section        0  libshutdown2.o(.ARM.Collect$$libshutdown$$0000000E)
    .ARM.Collect$$libshutdown$$0000000F      0x000002fe   Section        2  libshutdown2.o(.ARM.Collect$$libshutdown$$0000000F)
    .ARM.Collect$$rtentry$$00000000          0x00000300   Section        0  rtentry.o(.ARM.Collect$$rtentry$$00000000)
    .ARM.Collect$$rtentry$$00000002          0x00000300   Section        0  rtentry2.o(.ARM.Collect$$rtentry$$00000002)
    .ARM.Collect$$rtentry$$00000004          0x00000300   Section        6  rtentry4.o(.ARM.Collect$$rtentry$$00000004)
    .ARM.Collect$$rtentry$$00000009          0x00000306   Section        0  rtentry2.o(.ARM.Collect$$rtentry$$00000009)
    .ARM.Collect$$rtentry$$0000000A          0x00000306   Section        4  rtentry2.o(.ARM.Collect$$rtentry$$0000000A)
    .ARM.Collect$$rtentry$$0000000C          0x0000030a   Section        0  rtentry2.o(.ARM.Collect$$rtentry$$0000000C)
    .ARM.Collect$$rtentry$$0000000D          0x0000030a   Section        8  rtentry2.o(.ARM.Collect$$rtentry$$0000000D)
    .ARM.Collect$$rtexit$$00000000           0x00000312   Section        2  rtexit.o(.ARM.Collect$$rtexit$$00000000)
    .ARM.Collect$$rtexit$$00000002           0x00000314   Section        0  rtexit2.o(.ARM.Collect$$rtexit$$00000002)
    .ARM.Collect$$rtexit$$00000003           0x00000314   Section        4  rtexit2.o(.ARM.Collect$$rtexit$$00000003)
    .ARM.Collect$$rtexit$$00000004           0x00000318   Section        6  rtexit2.o(.ARM.Collect$$rtexit$$00000004)
    .text                                    0x00000320   Section       48  startup.o(.text)
    .text                                    0x00000350   Section       64  random.o(.text)
    .text                                    0x00000390   Section      456  print.o(.text)
    .text                                    0x00000558   Section        0  heapauxi.o(.text)
    .text                                    0x0000055e   Section       74  sys_stackheap_outer.o(.text)
    .text                                    0x000005a8   Section        0  exit.o(.text)
    .text                                    0x000005b4   Section        8  libspace.o(.text)
    .text                                    0x000005bc   Section        0  sys_exit.o(.text)
    .text                                    0x000005c8   Section        2  use_no_semi.o(.text)
    .text                                    0x000005ca   Section        0  indicate_semi.o(.text)
    i.ADC0_In                                0x000005cc   Section        0  adc.o(i.ADC0_In)
    i.ADC0_Init                              0x000005f8   Section        0  adc.o(i.ADC0_Init)
    i.Button1Press                           0x000006ec   Section        0  spaceinvaders.o(i.Button1Press)
    i.Button2Press                           0x00000708   Section        0  spaceinvaders.o(i.Button2Press)
    i.Create                                 0x00000724   Section        0  spaceinvaders.o(i.Create)
    i.CreateE                                0x00000738   Section        0  spaceinvaders.o(i.CreateE)
    i.CreateLangScn                          0x00000808   Section        0  spaceinvaders.o(i.CreateLangScn)
    i.CreateP                                0x00000884   Section        0  spaceinvaders.o(i.CreateP)
    i.CreateStartScn                         0x000008f4   Section        0  spaceinvaders.o(i.CreateStartScn)
    i.DAC_Init                               0x00000a1c   Section        0  dac.o(i.DAC_Init)
    i.DAC_Out                                0x00000a9c   Section        0  dac.o(i.DAC_Out)
    i.Delay1ms                               0x00000aa8   Section        0  st7735.o(i.Delay1ms)
    i.ELasers                                0x00000ac8   Section        0  spaceinvaders.o(i.ELasers)
    i.EnemyFire                              0x00000b1c   Section        0  spaceinvaders.o(i.EnemyFire)
    i.EnemyHit                               0x00000be8   Section        0  spaceinvaders.o(i.EnemyHit)
    i.GameFlow                               0x00000d48   Section        0  spaceinvaders.o(i.GameFlow)
    i.GameInit                               0x00000d60   Section        0  spaceinvaders.o(i.GameInit)
    i.GameStatus                             0x00000f4c   Section        0  spaceinvaders.o(i.GameStatus)
    i.Hits                                   0x00000f58   Section        0  spaceinvaders.o(i.Hits)
    i.LCD_OutUDec                            0x00000f64   Section        0  spaceinvaders.o(i.LCD_OutUDec)
    i.LaserLogicE                            0x00000f7c   Section        0  spaceinvaders.o(i.LaserLogicE)
    i.LaserLogicP                            0x00001028   Section        0  spaceinvaders.o(i.LaserLogicP)
    i.Loss                                   0x000010c0   Section        0  spaceinvaders.o(i.Loss)
    i.LossScn                                0x000010d4   Section        0  spaceinvaders.o(i.LossScn)
    i.MoveAll                                0x0000111c   Section        0  spaceinvaders.o(i.MoveAll)
    i.MoveEnemy                              0x0000112c   Section        0  spaceinvaders.o(i.MoveEnemy)
    i.MoveHor                                0x0000126c   Section        0  spaceinvaders.o(i.MoveHor)
    i.Output_Init                            0x000012f8   Section        0  st7735.o(i.Output_Init)
    i.PLL_Init                               0x00001308   Section        0  pll.o(i.PLL_Init)
    i.PLasers                                0x00001384   Section        0  spaceinvaders.o(i.PLasers)
    i.Pause                                  0x000013d8   Section        0  spaceinvaders.o(i.Pause)
    i.PausedScn                              0x00001418   Section        0  spaceinvaders.o(i.PausedScn)
    i.PlayerFire                             0x0000145c   Section        0  spaceinvaders.o(i.PlayerFire)
    i.PlayerHit                              0x000014d8   Section        0  spaceinvaders.o(i.PlayerHit)
    i.PortE_Init                             0x000015b0   Section        0  spaceinvaders.o(i.PortE_Init)
    i.PortF_Init                             0x00001640   Section        0  spaceinvaders.o(i.PortF_Init)
    i.RandomNumber                           0x000016d0   Section        0  spaceinvaders.o(i.RandomNumber)
    i.ST7735_DrawBitmap                      0x000016e8   Section        0  st7735.o(i.ST7735_DrawBitmap)
    i.ST7735_DrawCharS                       0x00001808   Section        0  st7735.o(i.ST7735_DrawCharS)
    i.ST7735_DrawPixel                       0x000018fc   Section        0  st7735.o(i.ST7735_DrawPixel)
    i.ST7735_DrawString                      0x00001944   Section        0  st7735.o(i.ST7735_DrawString)
    i.ST7735_FillRect                        0x00001998   Section        0  st7735.o(i.ST7735_FillRect)
    i.ST7735_FillScreen                      0x00001a44   Section        0  st7735.o(i.ST7735_FillScreen)
    i.ST7735_InitR                           0x00001a68   Section        0  st7735.o(i.ST7735_InitR)
    i.ST7735_OutChar                         0x00001ae4   Section        0  st7735.o(i.ST7735_OutChar)
    i.ST7735_OutString                       0x00001bb8   Section        0  st7735.o(i.ST7735_OutString)
    i.ST7735_SetCursor                       0x00001bd0   Section        0  st7735.o(i.ST7735_SetCursor)
    i.SetButton1                             0x00001bf0   Section        0  spaceinvaders.o(i.SetButton1)
    i.SetButton2                             0x00001bfc   Section        0  spaceinvaders.o(i.SetButton2)
    i.Sound_Init                             0x00001c08   Section        0  sound.o(i.Sound_Init)
    i.Sound_Killed                           0x00001c38   Section        0  sound.o(i.Sound_Killed)
    i.Sound_Master                           0x00001c4c   Section        0  sound.o(i.Sound_Master)
    i.Sound_Play                             0x00001cd4   Section        0  sound.o(i.Sound_Play)
    i.Sound_Shoot                            0x00001cfc   Section        0  sound.o(i.Sound_Shoot)
    i.StartCheck                             0x00001d10   Section        0  spaceinvaders.o(i.StartCheck)
    i.StartScn                               0x00001d1c   Section        0  spaceinvaders.o(i.StartScn)
    i.SysTick_Handler                        0x00001d60   Section        0  spaceinvaders.o(i.SysTick_Handler)
    i.SysTick_Init                           0x00001d70   Section        0  spaceinvaders.o(i.SysTick_Init)
    i.Timer0A_Handler                        0x00001d8c   Section        0  timer0.o(i.Timer0A_Handler)
    i.Timer0_Init                            0x00001da4   Section        0  timer0.o(i.Timer0_Init)
    i.Timer1A_Handler                        0x00001e04   Section        0  timer1.o(i.Timer1A_Handler)
    i.Timer1_Init                            0x00001e1c   Section        0  timer1.o(i.Timer1_Init)
    i.UpdateScore                            0x00001e7c   Section        0  spaceinvaders.o(i.UpdateScore)
    i.Win                                    0x00001ea0   Section        0  spaceinvaders.o(i.Win)
    i.WinScn                                 0x00001eb8   Section        0  spaceinvaders.o(i.WinScn)
    i.commandList                            0x00001efc   Section        0  st7735.o(i.commandList)
    commandList                              0x00001efd   Thumb Code    86  st7735.o(i.commandList)
    i.commonInit                             0x00001f54   Section        0  st7735.o(i.commonInit)
    commonInit                               0x00001f55   Thumb Code   340  st7735.o(i.commonInit)
    i.main                                   0x000020d8   Section        0  spaceinvaders.o(i.main)
    i.pushColor                              0x0000216c   Section        0  st7735.o(i.pushColor)
    pushColor                                0x0000216d   Thumb Code    18  st7735.o(i.pushColor)
    i.setAddrWindow                          0x00002180   Section        0  st7735.o(i.setAddrWindow)
    setAddrWindow                            0x00002181   Thumb Code   106  st7735.o(i.setAddrWindow)
    i.writecommand                           0x000021f4   Section        0  st7735.o(i.writecommand)
    writecommand                             0x000021f5   Thumb Code    46  st7735.o(i.writecommand)
    i.writedata                              0x0000222c   Section        0  st7735.o(i.writedata)
    writedata                                0x0000222d   Thumb Code    24  st7735.o(i.writedata)
    .constdata                               0x0000224c   Section    15435  sound.o(.constdata)
    .constdata                               0x00005e98   Section     4204  spaceinvaders.o(.constdata)
    .constdata                               0x00006f04   Section     2114  st7735.o(.constdata)
    Font                                     0x00006f04   Data        1275  st7735.o(.constdata)
    Bcmd                                     0x000073ff   Data         103  st7735.o(.constdata)
    Rcmd1                                    0x00007466   Data          59  st7735.o(.constdata)
    Rcmd2green                               0x000074a1   Data          13  st7735.o(.constdata)
    Rcmd2red                                 0x000074ae   Data          13  st7735.o(.constdata)
    Rcmd3                                    0x000074bb   Data          43  st7735.o(.constdata)
    .data                                    0x20000000   Section        4  timer0.o(.data)
    .data                                    0x20000004   Section        4  timer1.o(.data)
    .data                                    0x20000008   Section       20  sound.o(.data)
    .data                                    0x2000001c   Section       96  spaceinvaders.o(.data)
    .data                                    0x2000007c   Section       44  st7735.o(.data)
    _width                                   0x20000086   Data           2  st7735.o(.data)
    _height                                  0x20000088   Data           2  st7735.o(.data)
    ColStart                                 0x20000090   Data           1  st7735.o(.data)
    RowStart                                 0x20000091   Data           1  st7735.o(.data)
    Rotation                                 0x20000092   Data           1  st7735.o(.data)
    TabColor                                 0x20000093   Data           1  st7735.o(.data)
    DATA                                     0x200000a8   Section        4  random.o(DATA)
    M                                        0x200000a8   Data           4  random.o(DATA)
    DATA                                     0x200000ac   Section       12  print.o(DATA)
    .bss                                     0x200000b8   Section      924  spaceinvaders.o(.bss)
    .bss                                     0x20000454   Section       96  libspace.o(.bss)
    HEAP                                     0x200004b8   Section        0  startup.o(HEAP)
    STACK                                    0x200004b8   Section     1024  startup.o(STACK)
    HeapMem                                  0x200004b8   Data           0  startup.o(HEAP)
    StackMem                                 0x200004b8   Data           0  startup.o(STACK)

    Global Symbols

    Symbol Name                              Value     Ov Type        Size  Object(Section)

    BuildAttributes$$THM_ISAv4$E$P$D$K$B$S$7EM$PE$A:L22UL41UL21$X:L11$S22US41US21$IEEE1$IW$USESV6$~STKCKD$USESV7$~SHL$OSPACE$ROPI$EBA8$UX$STANDARDLIB$REQ8$PRES8$EABIv2 0x00000000   Number         0  anon$$obj.o ABSOLUTE
    __ARM_use_no_argv                        0x00000000   Number         0  spaceinvaders.o ABSOLUTE
    __Vectors                                0x00000000   Data           0  startup.o(RESET)
    __ARM_exceptions_init                     - Undefined Weak Reference
    __alloca_initialize                       - Undefined Weak Reference
    __cpp_initialize__aeabi_                  - Undefined Weak Reference
    __cxa_finalize                            - Undefined Weak Reference
    __rt_locale                               - Undefined Weak Reference
    __sigvec_lookup                           - Undefined Weak Reference
    _atexit_init                              - Undefined Weak Reference
    _call_atexit_fns                          - Undefined Weak Reference
    _clock_init                               - Undefined Weak Reference
    _fp_trap_init                             - Undefined Weak Reference
    _fp_trap_shutdown                         - Undefined Weak Reference
    _get_lc_collate                           - Undefined Weak Reference
    _get_lc_ctype                             - Undefined Weak Reference
    _get_lc_monetary                          - Undefined Weak Reference
    _get_lc_numeric                           - Undefined Weak Reference
    _get_lc_time                              - Undefined Weak Reference
    _getenv_init                              - Undefined Weak Reference
    _handle_redirection                       - Undefined Weak Reference
    _init_alloc                               - Undefined Weak Reference
    _init_user_alloc                          - Undefined Weak Reference
    _initio                                   - Undefined Weak Reference
    _rand_init                                - Undefined Weak Reference
    _signal_finish                            - Undefined Weak Reference
    _signal_init                              - Undefined Weak Reference
    _terminate_alloc                          - Undefined Weak Reference
    _terminate_user_alloc                     - Undefined Weak Reference
    _terminateio                              - Undefined Weak Reference
    Reset_Handler                            0x0000026d   Thumb Code     0  startup.o(RESET)
    NMI_Handler                              0x00000271   Thumb Code     2  startup.o(RESET)
    HardFault_Handler                        0x00000273   Thumb Code     2  startup.o(RESET)
    MemManage_Handler                        0x00000275   Thumb Code     2  startup.o(RESET)
    BusFault_Handler                         0x00000277   Thumb Code     2  startup.o(RESET)
    UsageFault_Handler                       0x00000279   Thumb Code     2  startup.o(RESET)
    SVC_Handler                              0x0000027b   Thumb Code     2  startup.o(RESET)
    DebugMon_Handler                         0x0000027d   Thumb Code     2  startup.o(RESET)
    PendSV_Handler                           0x0000027f   Thumb Code     2  startup.o(RESET)
    ADC0Seq0_Handler                         0x00000283   Thumb Code     0  startup.o(RESET)
    ADC0Seq1_Handler                         0x00000283   Thumb Code     0  startup.o(RESET)
    ADC0Seq2_Handler                         0x00000283   Thumb Code     0  startup.o(RESET)
    ADC0Seq3_Handler                         0x00000283   Thumb Code     0  startup.o(RESET)
    ADC1Seq0_Handler                         0x00000283   Thumb Code     0  startup.o(RESET)
    ADC1Seq1_Handler                         0x00000283   Thumb Code     0  startup.o(RESET)
    ADC1Seq2_Handler                         0x00000283   Thumb Code     0  startup.o(RESET)
    ADC1Seq3_Handler                         0x00000283   Thumb Code     0  startup.o(RESET)
    CAN0_Handler                             0x00000283   Thumb Code     0  startup.o(RESET)
    CAN1_Handler                             0x00000283   Thumb Code     0  startup.o(RESET)
    CAN2_Handler                             0x00000283   Thumb Code     0  startup.o(RESET)
    Comp0_Handler                            0x00000283   Thumb Code     0  startup.o(RESET)
    Comp1_Handler                            0x00000283   Thumb Code     0  startup.o(RESET)
    Comp2_Handler                            0x00000283   Thumb Code     0  startup.o(RESET)
    Ethernet_Handler                         0x00000283   Thumb Code     0  startup.o(RESET)
    ExtBus_Handler                           0x00000283   Thumb Code     0  startup.o(RESET)
    FPU_Handler                              0x00000283   Thumb Code     0  startup.o(RESET)
    Fan0_Handler                             0x00000283   Thumb Code     0  startup.o(RESET)
    FlashCtl_Handler                         0x00000283   Thumb Code     0  startup.o(RESET)
    GPIOPortA_Handler                        0x00000283   Thumb Code     0  startup.o(RESET)
    GPIOPortB_Handler                        0x00000283   Thumb Code     0  startup.o(RESET)
    GPIOPortC_Handler                        0x00000283   Thumb Code     0  startup.o(RESET)
    GPIOPortD_Handler                        0x00000283   Thumb Code     0  startup.o(RESET)
    GPIOPortE_Handler                        0x00000283   Thumb Code     0  startup.o(RESET)
    GPIOPortF_Handler                        0x00000283   Thumb Code     0  startup.o(RESET)
    GPIOPortG_Handler                        0x00000283   Thumb Code     0  startup.o(RESET)
    GPIOPortH_Handler                        0x00000283   Thumb Code     0  startup.o(RESET)
    GPIOPortJ_Handler                        0x00000283   Thumb Code     0  startup.o(RESET)
    GPIOPortK_Handler                        0x00000283   Thumb Code     0  startup.o(RESET)
    GPIOPortL_Handler                        0x00000283   Thumb Code     0  startup.o(RESET)
    GPIOPortM_Handler                        0x00000283   Thumb Code     0  startup.o(RESET)
    GPIOPortN_Handler                        0x00000283   Thumb Code     0  startup.o(RESET)
    GPIOPortP1_Handler                       0x00000283   Thumb Code     0  startup.o(RESET)
    GPIOPortP2_Handler                       0x00000283   Thumb Code     0  startup.o(RESET)
    GPIOPortP3_Handler                       0x00000283   Thumb Code     0  startup.o(RESET)
    GPIOPortP4_Handler                       0x00000283   Thumb Code     0  startup.o(RESET)
    GPIOPortP5_Handler                       0x00000283   Thumb Code     0  startup.o(RESET)
    GPIOPortP6_Handler                       0x00000283   Thumb Code     0  startup.o(RESET)
    GPIOPortP7_Handler                       0x00000283   Thumb Code     0  startup.o(RESET)
    GPIOPortP_Handler                        0x00000283   Thumb Code     0  startup.o(RESET)
    GPIOPortQ1_Handler                       0x00000283   Thumb Code     0  startup.o(RESET)
    GPIOPortQ2_Handler                       0x00000283   Thumb Code     0  startup.o(RESET)
    GPIOPortQ3_Handler                       0x00000283   Thumb Code     0  startup.o(RESET)
    GPIOPortQ4_Handler                       0x00000283   Thumb Code     0  startup.o(RESET)
    GPIOPortQ5_Handler                       0x00000283   Thumb Code     0  startup.o(RESET)
    GPIOPortQ6_Handler                       0x00000283   Thumb Code     0  startup.o(RESET)
    GPIOPortQ7_Handler                       0x00000283   Thumb Code     0  startup.o(RESET)
    GPIOPortQ_Handler                        0x00000283   Thumb Code     0  startup.o(RESET)
    GPIOPortR_Handler                        0x00000283   Thumb Code     0  startup.o(RESET)
    GPIOPortS_Handler                        0x00000283   Thumb Code     0  startup.o(RESET)
    Hibernate_Handler                        0x00000283   Thumb Code     0  startup.o(RESET)
    I2C0_Handler                             0x00000283   Thumb Code     0  startup.o(RESET)
    I2C1_Handler                             0x00000283   Thumb Code     0  startup.o(RESET)
    I2C2_Handler                             0x00000283   Thumb Code     0  startup.o(RESET)
    I2C3_Handler                             0x00000283   Thumb Code     0  startup.o(RESET)
    I2C4_Handler                             0x00000283   Thumb Code     0  startup.o(RESET)
    I2C5_Handler                             0x00000283   Thumb Code     0  startup.o(RESET)
    I2S0_Handler                             0x00000283   Thumb Code     0  startup.o(RESET)
    LPC0_Handler                             0x00000283   Thumb Code     0  startup.o(RESET)
    PECI0_Handler                            0x00000283   Thumb Code     0  startup.o(RESET)
    PWM0Fault_Handler                        0x00000283   Thumb Code     0  startup.o(RESET)
    PWM0Generator0_Handler                   0x00000283   Thumb Code     0  startup.o(RESET)
    PWM0Generator1_Handler                   0x00000283   Thumb Code     0  startup.o(RESET)
    PWM0Generator2_Handler                   0x00000283   Thumb Code     0  startup.o(RESET)
    PWM0Generator3_Handler                   0x00000283   Thumb Code     0  startup.o(RESET)
    PWM1Fault_Handler                        0x00000283   Thumb Code     0  startup.o(RESET)
    PWM1Generator0_Handler                   0x00000283   Thumb Code     0  startup.o(RESET)
    PWM1Generator1_Handler                   0x00000283   Thumb Code     0  startup.o(RESET)
    PWM1Generator2_Handler                   0x00000283   Thumb Code     0  startup.o(RESET)
    PWM1Generator3_Handler                   0x00000283   Thumb Code     0  startup.o(RESET)
    Quadrature0_Handler                      0x00000283   Thumb Code     0  startup.o(RESET)
    Quadrature1_Handler                      0x00000283   Thumb Code     0  startup.o(RESET)
    Quadrature2_Handler                      0x00000283   Thumb Code     0  startup.o(RESET)
    SSI0_Handler                             0x00000283   Thumb Code     0  startup.o(RESET)
    SSI1_Handler                             0x00000283   Thumb Code     0  startup.o(RESET)
    SSI2_Handler                             0x00000283   Thumb Code     0  startup.o(RESET)
    SSI3_Handler                             0x00000283   Thumb Code     0  startup.o(RESET)
    SysCtl_Handler                           0x00000283   Thumb Code     0  startup.o(RESET)
    Timer0B_Handler                          0x00000283   Thumb Code     0  startup.o(RESET)
    Timer1B_Handler                          0x00000283   Thumb Code     0  startup.o(RESET)
    Timer2A_Handler                          0x00000283   Thumb Code     0  startup.o(RESET)
    Timer2B_Handler                          0x00000283   Thumb Code     0  startup.o(RESET)
    Timer3A_Handler                          0x00000283   Thumb Code     0  startup.o(RESET)
    Timer3B_Handler                          0x00000283   Thumb Code     0  startup.o(RESET)
    Timer4A_Handler                          0x00000283   Thumb Code     0  startup.o(RESET)
    Timer4B_Handler                          0x00000283   Thumb Code     0  startup.o(RESET)
    Timer5A_Handler                          0x00000283   Thumb Code     0  startup.o(RESET)
    Timer5B_Handler                          0x00000283   Thumb Code     0  startup.o(RESET)
    UART0_Handler                            0x00000283   Thumb Code     0  startup.o(RESET)
    UART1_Handler                            0x00000283   Thumb Code     0  startup.o(RESET)
    UART2_Handler                            0x00000283   Thumb Code     0  startup.o(RESET)
    UART3_Handler                            0x00000283   Thumb Code     0  startup.o(RESET)
    UART4_Handler                            0x00000283   Thumb Code     0  startup.o(RESET)
    UART5_Handler                            0x00000283   Thumb Code     0  startup.o(RESET)
    UART6_Handler                            0x00000283   Thumb Code     0  startup.o(RESET)
    UART7_Handler                            0x00000283   Thumb Code     0  startup.o(RESET)
    USB0_Handler                             0x00000283   Thumb Code     0  startup.o(RESET)
    WDT_Handler                              0x00000283   Thumb Code     0  startup.o(RESET)
    WideTimer0A_Handler                      0x00000283   Thumb Code     0  startup.o(RESET)
    WideTimer0B_Handler                      0x00000283   Thumb Code     0  startup.o(RESET)
    WideTimer1A_Handler                      0x00000283   Thumb Code     0  startup.o(RESET)
    WideTimer1B_Handler                      0x00000283   Thumb Code     0  startup.o(RESET)
    WideTimer2A_Handler                      0x00000283   Thumb Code     0  startup.o(RESET)
    WideTimer2B_Handler                      0x00000283   Thumb Code     0  startup.o(RESET)
    WideTimer3A_Handler                      0x00000283   Thumb Code     0  startup.o(RESET)
    WideTimer3B_Handler                      0x00000283   Thumb Code     0  startup.o(RESET)
    WideTimer4A_Handler                      0x00000283   Thumb Code     0  startup.o(RESET)
    WideTimer4B_Handler                      0x00000283   Thumb Code     0  startup.o(RESET)
    WideTimer5A_Handler                      0x00000283   Thumb Code     0  startup.o(RESET)
    WideTimer5B_Handler                      0x00000283   Thumb Code     0  startup.o(RESET)
    uDMA_Error                               0x00000283   Thumb Code     0  startup.o(RESET)
    uDMA_Handler                             0x00000283   Thumb Code     0  startup.o(RESET)
    __main                                   0x00000285   Thumb Code     8  __main.o(!!!main)
    __scatterload                            0x0000028d   Thumb Code     0  __scatter.o(!!!scatter)
    __scatterload_rt2                        0x0000028d   Thumb Code    44  __scatter.o(!!!scatter)
    __scatterload_rt2_thumb_only             0x0000028d   Thumb Code     0  __scatter.o(!!!scatter)
    __scatterload_null                       0x0000029b   Thumb Code     0  __scatter.o(!!!scatter)
    __scatterload_copy                       0x000002c1   Thumb Code    26  __scatter_copy.o(!!handler_copy)
    __scatterload_zeroinit                   0x000002dd   Thumb Code    28  __scatter_zi.o(!!handler_zi)
    __rt_lib_init                            0x000002f9   Thumb Code     0  libinit.o(.ARM.Collect$$libinit$$00000000)
    __rt_lib_init_alloca_1                   0x000002fb   Thumb Code     0  libinit2.o(.ARM.Collect$$libinit$$0000002C)
    __rt_lib_init_argv_1                     0x000002fb   Thumb Code     0  libinit2.o(.ARM.Collect$$libinit$$0000002A)
    __rt_lib_init_atexit_1                   0x000002fb   Thumb Code     0  libinit2.o(.ARM.Collect$$libinit$$00000019)
    __rt_lib_init_clock_1                    0x000002fb   Thumb Code     0  libinit2.o(.ARM.Collect$$libinit$$0000001F)
    __rt_lib_init_cpp_1                      0x000002fb   Thumb Code     0  libinit2.o(.ARM.Collect$$libinit$$00000030)
    __rt_lib_init_exceptions_1               0x000002fb   Thumb Code     0  libinit2.o(.ARM.Collect$$libinit$$0000002E)
    __rt_lib_init_fp_1                       0x000002fb   Thumb Code     0  libinit2.o(.ARM.Collect$$libinit$$00000002)
    __rt_lib_init_fp_trap_1                  0x000002fb   Thumb Code     0  libinit2.o(.ARM.Collect$$libinit$$0000001D)
    __rt_lib_init_getenv_1                   0x000002fb   Thumb Code     0  libinit2.o(.ARM.Collect$$libinit$$00000021)
    __rt_lib_init_heap_1                     0x000002fb   Thumb Code     0  libinit2.o(.ARM.Collect$$libinit$$00000008)
    __rt_lib_init_lc_collate_1               0x000002fb   Thumb Code     0  libinit2.o(.ARM.Collect$$libinit$$0000000F)
    __rt_lib_init_lc_ctype_1                 0x000002fb   Thumb Code     0  libinit2.o(.ARM.Collect$$libinit$$00000011)
    __rt_lib_init_lc_monetary_1              0x000002fb   Thumb Code     0  libinit2.o(.ARM.Collect$$libinit$$00000013)
    __rt_lib_init_lc_numeric_1               0x000002fb   Thumb Code     0  libinit2.o(.ARM.Collect$$libinit$$00000015)
    __rt_lib_init_lc_time_1                  0x000002fb   Thumb Code     0  libinit2.o(.ARM.Collect$$libinit$$00000017)
    __rt_lib_init_rand_1                     0x000002fb   Thumb Code     0  libinit2.o(.ARM.Collect$$libinit$$0000000C)
    __rt_lib_init_return                     0x000002fb   Thumb Code     0  libinit2.o(.ARM.Collect$$libinit$$00000031)
    __rt_lib_init_signal_1                   0x000002fb   Thumb Code     0  libinit2.o(.ARM.Collect$$libinit$$0000001B)
    __rt_lib_init_stdio_1                    0x000002fb   Thumb Code     0  libinit2.o(.ARM.Collect$$libinit$$00000023)
    __rt_lib_init_user_alloc_1               0x000002fb   Thumb Code     0  libinit2.o(.ARM.Collect$$libinit$$0000000A)
    __rt_lib_shutdown                        0x000002fd   Thumb Code     0  libshutdown.o(.ARM.Collect$$libshutdown$$00000000)
    __rt_lib_shutdown_fp_trap_1              0x000002ff   Thumb Code     0  libshutdown2.o(.ARM.Collect$$libshutdown$$00000006)
    __rt_lib_shutdown_heap_1                 0x000002ff   Thumb Code     0  libshutdown2.o(.ARM.Collect$$libshutdown$$0000000E)
    __rt_lib_shutdown_return                 0x000002ff   Thumb Code     0  libshutdown2.o(.ARM.Collect$$libshutdown$$0000000F)
    __rt_lib_shutdown_signal_1               0x000002ff   Thumb Code     0  libshutdown2.o(.ARM.Collect$$libshutdown$$00000009)
    __rt_lib_shutdown_stdio_1                0x000002ff   Thumb Code     0  libshutdown2.o(.ARM.Collect$$libshutdown$$00000003)
    __rt_lib_shutdown_user_alloc_1           0x000002ff   Thumb Code     0  libshutdown2.o(.ARM.Collect$$libshutdown$$0000000B)
    __rt_entry                               0x00000301   Thumb Code     0  rtentry.o(.ARM.Collect$$rtentry$$00000000)
    __rt_entry_presh_1                       0x00000301   Thumb Code     0  rtentry2.o(.ARM.Collect$$rtentry$$00000002)
    __rt_entry_sh                            0x00000301   Thumb Code     0  rtentry4.o(.ARM.Collect$$rtentry$$00000004)
    __rt_entry_li                            0x00000307   Thumb Code     0  rtentry2.o(.ARM.Collect$$rtentry$$0000000A)
    __rt_entry_postsh_1                      0x00000307   Thumb Code     0  rtentry2.o(.ARM.Collect$$rtentry$$00000009)
    __rt_entry_main                          0x0000030b   Thumb Code     0  rtentry2.o(.ARM.Collect$$rtentry$$0000000D)
    __rt_entry_postli_1                      0x0000030b   Thumb Code     0  rtentry2.o(.ARM.Collect$$rtentry$$0000000C)
    __rt_exit                                0x00000313   Thumb Code     0  rtexit.o(.ARM.Collect$$rtexit$$00000000)
    __rt_exit_ls                             0x00000315   Thumb Code     0  rtexit2.o(.ARM.Collect$$rtexit$$00000003)
    __rt_exit_prels_1                        0x00000315   Thumb Code     0  rtexit2.o(.ARM.Collect$$rtexit$$00000002)
    __rt_exit_exit                           0x00000319   Thumb Code     0  rtexit2.o(.ARM.Collect$$rtexit$$00000004)
    DisableInterrupts                        0x00000321   Thumb Code     0  startup.o(.text)
    EnableInterrupts                         0x00000325   Thumb Code     0  startup.o(.text)
    StartCritical                            0x00000329   Thumb Code     0  startup.o(.text)
    EndCritical                              0x00000331   Thumb Code     0  startup.o(.text)
    WaitForInterrupt                         0x00000337   Thumb Code     0  startup.o(.text)
    __user_initial_stackheap                 0x0000033b   Thumb Code     0  startup.o(.text)
    Random_Init                              0x00000351   Thumb Code     0  random.o(.text)
    Random32                                 0x0000035b   Thumb Code     2  random.o(.text)
    Random                                   0x0000036d   Thumb Code     2  random.o(.text)
    ConvertUDec                              0x00000391   Thumb Code     0  print.o(.text)
    ConvertDistance                          0x0000045f   Thumb Code     0  print.o(.text)
    __use_two_region_memory                  0x00000559   Thumb Code     2  heapauxi.o(.text)
    __rt_heap_escrow$2region                 0x0000055b   Thumb Code     2  heapauxi.o(.text)
    __rt_heap_expand$2region                 0x0000055d   Thumb Code     2  heapauxi.o(.text)
    __user_setup_stackheap                   0x0000055f   Thumb Code    74  sys_stackheap_outer.o(.text)
    exit                                     0x000005a9   Thumb Code    12  exit.o(.text)
    __user_libspace                          0x000005b5   Thumb Code     8  libspace.o(.text)
    __user_perproc_libspace                  0x000005b5   Thumb Code     0  libspace.o(.text)
    __user_perthread_libspace                0x000005b5   Thumb Code     0  libspace.o(.text)
    _sys_exit                                0x000005bd   Thumb Code     8  sys_exit.o(.text)
    __I$use$semihosting                      0x000005c9   Thumb Code     0  use_no_semi.o(.text)
    __use_no_semihosting_swi                 0x000005c9   Thumb Code     2  use_no_semi.o(.text)
    __semihosting_library_function           0x000005cb   Thumb Code     0  indicate_semi.o(.text)
    ADC0_In                                  0x000005cd   Thumb Code    36  adc.o(i.ADC0_In)
    ADC0_Init                                0x000005f9   Thumb Code   208  adc.o(i.ADC0_Init)
    Button1Press                             0x000006ed   Thumb Code    18  spaceinvaders.o(i.Button1Press)
    Button2Press                             0x00000709   Thumb Code    18  spaceinvaders.o(i.Button2Press)
    Create                                   0x00000725   Thumb Code    20  spaceinvaders.o(i.Create)
    CreateE                                  0x00000739   Thumb Code   190  spaceinvaders.o(i.CreateE)
    CreateLangScn                            0x00000809   Thumb Code    52  spaceinvaders.o(i.CreateLangScn)
    CreateP                                  0x00000885   Thumb Code   100  spaceinvaders.o(i.CreateP)
    CreateStartScn                           0x000008f5   Thumb Code   108  spaceinvaders.o(i.CreateStartScn)
    DAC_Init                                 0x00000a1d   Thumb Code   100  dac.o(i.DAC_Init)
    DAC_Out                                  0x00000a9d   Thumb Code     6  dac.o(i.DAC_Out)
    Delay1ms                                 0x00000aa9   Thumb Code    32  st7735.o(i.Delay1ms)
    ELasers                                  0x00000ac9   Thumb Code    78  spaceinvaders.o(i.ELasers)
    EnemyFire                                0x00000b1d   Thumb Code   182  spaceinvaders.o(i.EnemyFire)
    EnemyHit                                 0x00000be9   Thumb Code   322  spaceinvaders.o(i.EnemyHit)
    GameFlow                                 0x00000d49   Thumb Code    24  spaceinvaders.o(i.GameFlow)
    GameInit                                 0x00000d61   Thumb Code   406  spaceinvaders.o(i.GameInit)
    GameStatus                               0x00000f4d   Thumb Code     6  spaceinvaders.o(i.GameStatus)
    Hits                                     0x00000f59   Thumb Code    12  spaceinvaders.o(i.Hits)
    LCD_OutUDec                              0x00000f65   Thumb Code    18  spaceinvaders.o(i.LCD_OutUDec)
    LaserLogicE                              0x00000f7d   Thumb Code   158  spaceinvaders.o(i.LaserLogicE)
    LaserLogicP                              0x00001029   Thumb Code   140  spaceinvaders.o(i.LaserLogicP)
    Loss                                     0x000010c1   Thumb Code    14  spaceinvaders.o(i.Loss)
    LossScn                                  0x000010d5   Thumb Code    46  spaceinvaders.o(i.LossScn)
    MoveAll                                  0x0000111d   Thumb Code    16  spaceinvaders.o(i.MoveAll)
    MoveEnemy                                0x0000112d   Thumb Code   298  spaceinvaders.o(i.MoveEnemy)
    MoveHor                                  0x0000126d   Thumb Code   132  spaceinvaders.o(i.MoveHor)
    Output_Init                              0x000012f9   Thumb Code    16  st7735.o(i.Output_Init)
    PLL_Init                                 0x00001309   Thumb Code   118  pll.o(i.PLL_Init)
    PLasers                                  0x00001385   Thumb Code    78  spaceinvaders.o(i.PLasers)
    Pause                                    0x000013d9   Thumb Code    56  spaceinvaders.o(i.Pause)
    PausedScn                                0x00001419   Thumb Code    38  spaceinvaders.o(i.PausedScn)
    PlayerFire                               0x0000145d   Thumb Code   106  spaceinvaders.o(i.PlayerFire)
    PlayerHit                                0x000014d9   Thumb Code   194  spaceinvaders.o(i.PlayerHit)
    PortE_Init                               0x000015b1   Thumb Code   120  spaceinvaders.o(i.PortE_Init)
    PortF_Init                               0x00001641   Thumb Code   120  spaceinvaders.o(i.PortF_Init)
    RandomNumber                             0x000016d1   Thumb Code    22  spaceinvaders.o(i.RandomNumber)
    ST7735_DrawBitmap                        0x000016e9   Thumb Code   280  st7735.o(i.ST7735_DrawBitmap)
    ST7735_DrawCharS                         0x00001809   Thumb Code   232  st7735.o(i.ST7735_DrawCharS)
    ST7735_DrawPixel                         0x000018fd   Thumb Code    64  st7735.o(i.ST7735_DrawPixel)
    ST7735_DrawString                        0x00001945   Thumb Code    84  st7735.o(i.ST7735_DrawString)
    ST7735_FillRect                          0x00001999   Thumb Code   164  st7735.o(i.ST7735_FillRect)
    ST7735_FillScreen                        0x00001a45   Thumb Code    28  st7735.o(i.ST7735_FillScreen)
    ST7735_InitR                             0x00001a69   Thumb Code    90  st7735.o(i.ST7735_InitR)
    ST7735_OutChar                           0x00001ae5   Thumb Code   176  st7735.o(i.ST7735_OutChar)
    ST7735_OutString                         0x00001bb9   Thumb Code    22  st7735.o(i.ST7735_OutString)
    ST7735_SetCursor                         0x00001bd1   Thumb Code    22  st7735.o(i.ST7735_SetCursor)
    SetButton1                               0x00001bf1   Thumb Code     6  spaceinvaders.o(i.SetButton1)
    SetButton2                               0x00001bfd   Thumb Code     6  spaceinvaders.o(i.SetButton2)
    Sound_Init                               0x00001c09   Thumb Code    32  sound.o(i.Sound_Init)
    Sound_Killed                             0x00001c39   Thumb Code    14  sound.o(i.Sound_Killed)
    Sound_Master                             0x00001c4d   Thumb Code   110  sound.o(i.Sound_Master)
    Sound_Play                               0x00001cd5   Thumb Code    22  sound.o(i.Sound_Play)
    Sound_Shoot                              0x00001cfd   Thumb Code    14  sound.o(i.Sound_Shoot)
    StartCheck                               0x00001d11   Thumb Code     6  spaceinvaders.o(i.StartCheck)
    StartScn                                 0x00001d1d   Thumb Code    64  spaceinvaders.o(i.StartScn)
    SysTick_Handler                          0x00001d61   Thumb Code    14  spaceinvaders.o(i.SysTick_Handler)
    SysTick_Init                             0x00001d71   Thumb Code    22  spaceinvaders.o(i.SysTick_Init)
    Timer0A_Handler                          0x00001d8d   Thumb Code    16  timer0.o(i.Timer0A_Handler)
    Timer0_Init                              0x00001da5   Thumb Code    76  timer0.o(i.Timer0_Init)
    Timer1A_Handler                          0x00001e05   Thumb Code    16  timer1.o(i.Timer1A_Handler)
    Timer1_Init                              0x00001e1d   Thumb Code    76  timer1.o(i.Timer1_Init)
    UpdateScore                              0x00001e7d   Thumb Code    26  spaceinvaders.o(i.UpdateScore)
    Win                                      0x00001ea1   Thumb Code    14  spaceinvaders.o(i.Win)
    WinScn                                   0x00001eb9   Thumb Code    46  spaceinvaders.o(i.WinScn)
    main                                     0x000020d9   Thumb Code   136  spaceinvaders.o(i.main)
    shoot                                    0x0000224c   Data        4080  sound.o(.constdata)
    invaderkilled                            0x0000323c   Data        3377  sound.o(.constdata)
    explosion                                0x00003f6d   Data        2000  sound.o(.constdata)
    fastinvader1                             0x0000473d   Data         982  sound.o(.constdata)
    fastinvader2                             0x00004b13   Data        1042  sound.o(.constdata)
    fastinvader3                             0x00004f25   Data        1054  sound.o(.constdata)
    fastinvader4                             0x00005343   Data        1098  sound.o(.constdata)
    highpitch                                0x0000578d   Data        1802  sound.o(.constdata)
    SmallEnemy10pointA                       0x00005e98   Data         320  spaceinvaders.o(.constdata)
    ns                                       0x00005fd8   Data         288  spaceinvaders.o(.constdata)
    sp                                       0x000060f8   Data         288  spaceinvaders.o(.constdata)
    SmallEnemy10pointB                       0x00006218   Data         320  spaceinvaders.o(.constdata)
    SmallEnemy20pointA                       0x00006358   Data         320  spaceinvaders.o(.constdata)
    SmallEnemy20pointB                       0x00006498   Data         320  spaceinvaders.o(.constdata)
    SmallEnemy30pointA                       0x000065d8   Data         320  spaceinvaders.o(.constdata)
    SmallEnemy30pointB                       0x00006718   Data         320  spaceinvaders.o(.constdata)
    PlayerShip0                              0x00006858   Data         288  spaceinvaders.o(.constdata)
    pship                                    0x00006978   Data         288  spaceinvaders.o(.constdata)
    Bunker0                                  0x00006a98   Data         180  spaceinvaders.o(.constdata)
    BlackEnemy                               0x00006b4c   Data         320  spaceinvaders.o(.constdata)
    Explosion                                0x00006c8c   Data         320  spaceinvaders.o(.constdata)
    BlackPlayer                              0x00006dcc   Data         192  spaceinvaders.o(.constdata)
    BlackLaser                               0x00006e8c   Data          40  spaceinvaders.o(.constdata)
    PlayerLaser1                             0x00006eb4   Data          40  spaceinvaders.o(.constdata)
    EnemyLaser1                              0x00006edc   Data          40  spaceinvaders.o(.constdata)
    smallCircle                              0x000074e6   Data          36  st7735.o(.constdata)
    circle                                   0x0000750a   Data          60  st7735.o(.constdata)
    dBfs                                     0x00007546   Data         512  st7735.o(.constdata)
    Region$$Table$$Base                      0x00007748   Number         0  anon$$obj.o(Region$$Table)
    Region$$Table$$Limit                     0x00007768   Number         0  anon$$obj.o(Region$$Table)
    PeriodicTask0                            0x20000000   Data           4  timer0.o(.data)
    PeriodicTask1                            0x20000004   Data           4  timer1.o(.data)
    SemaSound                                0x20000008   Data           4  sound.o(.data)
    curr                                     0x2000000c   Data           4  sound.o(.data)
    Z                                        0x20000010   Data           4  sound.o(.data)
    Len                                      0x20000014   Data           4  sound.o(.data)
    FlagDebug                                0x20000018   Data           4  sound.o(.data)
    OnePressed                               0x2000001c   Data           4  spaceinvaders.o(.data)
    TwoPressed                               0x20000020   Data           4  spaceinvaders.o(.data)
    GoFlag                                   0x20000024   Data           4  spaceinvaders.o(.data)
    score                                    0x20000028   Data           4  spaceinvaders.o(.data)
    LaserNumP                                0x2000002c   Data           4  spaceinvaders.o(.data)
    LaserNumE                                0x20000030   Data           4  spaceinvaders.o(.data)
    LivingE                                  0x20000034   Data           4  spaceinvaders.o(.data)
    DeadE                                    0x20000038   Data           4  spaceinvaders.o(.data)
    EDelay                                   0x2000003c   Data           4  spaceinvaders.o(.data)
    FrameCount                               0x20000040   Data           4  spaceinvaders.o(.data)
    FireDelay                                0x20000044   Data           4  spaceinvaders.o(.data)
    CounterX                                 0x20000048   Data           4  spaceinvaders.o(.data)
    CounterY                                 0x2000004c   Data           4  spaceinvaders.o(.data)
    GameStat                                 0x20000050   Data           4  spaceinvaders.o(.data)
    stage                                    0x20000054   Data           4  spaceinvaders.o(.data)
    ind                                      0x20000058   Data           4  spaceinvaders.o(.data)
    ADCMail                                  0x2000005c   Data           4  spaceinvaders.o(.data)
    ADCStatus                                0x20000060   Data           4  spaceinvaders.o(.data)
    ADCData                                  0x20000064   Data           4  spaceinvaders.o(.data)
    Pos                                      0x20000068   Data           4  spaceinvaders.o(.data)
    Buf                                      0x2000006c   Data           4  spaceinvaders.o(.data)
    IntCounter                               0x20000070   Data           4  spaceinvaders.o(.data)
    LangHold                                 0x20000074   Data           4  spaceinvaders.o(.data)
    LFlag                                    0x20000078   Data           4  spaceinvaders.o(.data)
    StX                                      0x2000007c   Data           4  st7735.o(.data)
    StY                                      0x20000080   Data           4  st7735.o(.data)
    StTextColor                              0x20000084   Data           2  st7735.o(.data)
    lastj                                    0x2000008c   Data           4  st7735.o(.data)
    Messageindex                             0x20000094   Data           4  st7735.o(.data)
    Ymax                                     0x20000098   Data           4  st7735.o(.data)
    Ymin                                     0x2000009c   Data           4  st7735.o(.data)
    X                                        0x200000a0   Data           4  st7735.o(.data)
    Yrange                                   0x200000a4   Data           4  st7735.o(.data)
    String                                   0x200000ac   Data          12  print.o(DATA)
    Player                                   0x200000b8   Data          20  spaceinvaders.o(.bss)
    Enemies                                  0x200000cc   Data         504  spaceinvaders.o(.bss)
    PlayerLasers                             0x200002c4   Data         200  spaceinvaders.o(.bss)
    EnemyLasers                              0x2000038c   Data         200  spaceinvaders.o(.bss)
    __libspace_start                         0x20000454   Data          96  libspace.o(.bss)
    __temporary_stack_top$libspace           0x200004b4   Data           0  libspace.o(.bss)



==============================================================================

Memory Map of the image

  Image Entry point : 0x0000026d

  Load Region LR_1 (Base: 0x00000000, Size: 0x00007820, Max: 0xffffffff, ABSOLUTE)

    Execution Region ER_RO (Base: 0x00000000, Size: 0x00007768, Max: 0xffffffff, ABSOLUTE)

    Base Addr    Size         Type   Attr      Idx    E Section Name        Object

    0x00000000   0x00000284   Code   RO            3  * RESET               startup.o
    0x00000284   0x00000008   Code   RO          790  * !!!main             c_w.l(__main.o)
    0x0000028c   0x00000034   Code   RO          944    !!!scatter          c_w.l(__scatter.o)
    0x000002c0   0x0000001a   Code   RO          946    !!handler_copy      c_w.l(__scatter_copy.o)
    0x000002da   0x00000002   PAD
    0x000002dc   0x0000001c   Code   RO          948    !!handler_zi        c_w.l(__scatter_zi.o)
    0x000002f8   0x00000002   Code   RO          817    .ARM.Collect$$libinit$$00000000  c_w.l(libinit.o)
    0x000002fa   0x00000000   Code   RO          824    .ARM.Collect$$libinit$$00000002  c_w.l(libinit2.o)
    0x000002fa   0x00000000   Code   RO          827    .ARM.Collect$$libinit$$00000008  c_w.l(libinit2.o)
    0x000002fa   0x00000000   Code   RO          829    .ARM.Collect$$libinit$$0000000A  c_w.l(libinit2.o)
    0x000002fa   0x00000000   Code   RO          831    .ARM.Collect$$libinit$$0000000C  c_w.l(libinit2.o)
    0x000002fa   0x00000000   Code   RO          834    .ARM.Collect$$libinit$$0000000F  c_w.l(libinit2.o)
    0x000002fa   0x00000000   Code   RO          836    .ARM.Collect$$libinit$$00000011  c_w.l(libinit2.o)
    0x000002fa   0x00000000   Code   RO          838    .ARM.Collect$$libinit$$00000013  c_w.l(libinit2.o)
    0x000002fa   0x00000000   Code   RO          840    .ARM.Collect$$libinit$$00000015  c_w.l(libinit2.o)
    0x000002fa   0x00000000   Code   RO          842    .ARM.Collect$$libinit$$00000017  c_w.l(libinit2.o)
    0x000002fa   0x00000000   Code   RO          844    .ARM.Collect$$libinit$$00000019  c_w.l(libinit2.o)
    0x000002fa   0x00000000   Code   RO          846    .ARM.Collect$$libinit$$0000001B  c_w.l(libinit2.o)
    0x000002fa   0x00000000   Code   RO          848    .ARM.Collect$$libinit$$0000001D  c_w.l(libinit2.o)
    0x000002fa   0x00000000   Code   RO          850    .ARM.Collect$$libinit$$0000001F  c_w.l(libinit2.o)
    0x000002fa   0x00000000   Code   RO          852    .ARM.Collect$$libinit$$00000021  c_w.l(libinit2.o)
    0x000002fa   0x00000000   Code   RO          854    .ARM.Collect$$libinit$$00000023  c_w.l(libinit2.o)
    0x000002fa   0x00000000   Code   RO          858    .ARM.Collect$$libinit$$0000002A  c_w.l(libinit2.o)
    0x000002fa   0x00000000   Code   RO          860    .ARM.Collect$$libinit$$0000002C  c_w.l(libinit2.o)
    0x000002fa   0x00000000   Code   RO          862    .ARM.Collect$$libinit$$0000002E  c_w.l(libinit2.o)
    0x000002fa   0x00000000   Code   RO          864    .ARM.Collect$$libinit$$00000030  c_w.l(libinit2.o)
    0x000002fa   0x00000002   Code   RO          865    .ARM.Collect$$libinit$$00000031  c_w.l(libinit2.o)
    0x000002fc   0x00000002   Code   RO          885    .ARM.Collect$$libshutdown$$00000000  c_w.l(libshutdown.o)
    0x000002fe   0x00000000   Code   RO          899    .ARM.Collect$$libshutdown$$00000003  c_w.l(libshutdown2.o)
    0x000002fe   0x00000000   Code   RO          902    .ARM.Collect$$libshutdown$$00000006  c_w.l(libshutdown2.o)
    0x000002fe   0x00000000   Code   RO          905    .ARM.Collect$$libshutdown$$00000009  c_w.l(libshutdown2.o)
    0x000002fe   0x00000000   Code   RO          907    .ARM.Collect$$libshutdown$$0000000B  c_w.l(libshutdown2.o)
    0x000002fe   0x00000000   Code   RO          910    .ARM.Collect$$libshutdown$$0000000E  c_w.l(libshutdown2.o)
    0x000002fe   0x00000002   Code   RO          911    .ARM.Collect$$libshutdown$$0000000F  c_w.l(libshutdown2.o)
    0x00000300   0x00000000   Code   RO          792    .ARM.Collect$$rtentry$$00000000  c_w.l(rtentry.o)
    0x00000300   0x00000000   Code   RO          794    .ARM.Collect$$rtentry$$00000002  c_w.l(rtentry2.o)
    0x00000300   0x00000006   Code   RO          806    .ARM.Collect$$rtentry$$00000004  c_w.l(rtentry4.o)
    0x00000306   0x00000000   Code   RO          796    .ARM.Collect$$rtentry$$00000009  c_w.l(rtentry2.o)
    0x00000306   0x00000004   Code   RO          797    .ARM.Collect$$rtentry$$0000000A  c_w.l(rtentry2.o)
    0x0000030a   0x00000000   Code   RO          799    .ARM.Collect$$rtentry$$0000000C  c_w.l(rtentry2.o)
    0x0000030a   0x00000008   Code   RO          800    .ARM.Collect$$rtentry$$0000000D  c_w.l(rtentry2.o)
    0x00000312   0x00000002   Code   RO          821    .ARM.Collect$$rtexit$$00000000  c_w.l(rtexit.o)
    0x00000314   0x00000000   Code   RO          867    .ARM.Collect$$rtexit$$00000002  c_w.l(rtexit2.o)
    0x00000314   0x00000004   Code   RO          868    .ARM.Collect$$rtexit$$00000003  c_w.l(rtexit2.o)
    0x00000318   0x00000006   Code   RO          869    .ARM.Collect$$rtexit$$00000004  c_w.l(rtexit2.o)
    0x0000031e   0x00000002   PAD
    0x00000320   0x00000030   Code   RO            4    .text               startup.o
    0x00000350   0x00000040   Code   RO           13    .text               random.o
    0x00000390   0x000001c8   Code   RO          199    .text               print.o
    0x00000558   0x00000006   Code   RO          788    .text               c_w.l(heapauxi.o)
    0x0000055e   0x0000004a   Code   RO          808    .text               c_w.l(sys_stackheap_outer.o)
    0x000005a8   0x0000000c   Code   RO          810    .text               c_w.l(exit.o)
    0x000005b4   0x00000008   Code   RO          818    .text               c_w.l(libspace.o)
    0x000005bc   0x0000000c   Code   RO          877    .text               c_w.l(sys_exit.o)
    0x000005c8   0x00000002   Code   RO          888    .text               c_w.l(use_no_semi.o)
    0x000005ca   0x00000000   Code   RO          890    .text               c_w.l(indicate_semi.o)
    0x000005ca   0x00000002   PAD
    0x000005cc   0x0000002c   Code   RO           44    i.ADC0_In           adc.o
    0x000005f8   0x000000f4   Code   RO           45    i.ADC0_Init         adc.o
    0x000006ec   0x0000001c   Code   RO          202    i.Button1Press      spaceinvaders.o
    0x00000708   0x0000001c   Code   RO          203    i.Button2Press      spaceinvaders.o
    0x00000724   0x00000014   Code   RO          204    i.Create            spaceinvaders.o
    0x00000738   0x000000d0   Code   RO          205    i.CreateE           spaceinvaders.o
    0x00000808   0x0000007c   Code   RO          206    i.CreateLangScn     spaceinvaders.o
    0x00000884   0x00000070   Code   RO          207    i.CreateP           spaceinvaders.o
    0x000008f4   0x00000128   Code   RO          208    i.CreateStartScn    spaceinvaders.o
    0x00000a1c   0x00000080   Code   RO           16    i.DAC_Init          dac.o
    0x00000a9c   0x0000000c   Code   RO           17    i.DAC_Out           dac.o
    0x00000aa8   0x00000020   Code   RO          481    i.Delay1ms          st7735.o
    0x00000ac8   0x00000054   Code   RO          210    i.ELasers           spaceinvaders.o
    0x00000b1c   0x000000cc   Code   RO          211    i.EnemyFire         spaceinvaders.o
    0x00000be8   0x00000160   Code   RO          212    i.EnemyHit          spaceinvaders.o
    0x00000d48   0x00000018   Code   RO          213    i.GameFlow          spaceinvaders.o
    0x00000d60   0x000001ec   Code   RO          214    i.GameInit          spaceinvaders.o
    0x00000f4c   0x0000000c   Code   RO          215    i.GameStatus        spaceinvaders.o
    0x00000f58   0x0000000c   Code   RO          216    i.Hits              spaceinvaders.o
    0x00000f64   0x00000018   Code   RO          218    i.LCD_OutUDec       spaceinvaders.o
    0x00000f7c   0x000000ac   Code   RO          219    i.LaserLogicE       spaceinvaders.o
    0x00001028   0x00000098   Code   RO          220    i.LaserLogicP       spaceinvaders.o
    0x000010c0   0x00000014   Code   RO          221    i.Loss              spaceinvaders.o
    0x000010d4   0x00000048   Code   RO          222    i.LossScn           spaceinvaders.o
    0x0000111c   0x00000010   Code   RO          223    i.MoveAll           spaceinvaders.o
    0x0000112c   0x00000140   Code   RO          224    i.MoveEnemy         spaceinvaders.o
    0x0000126c   0x0000008c   Code   RO          225    i.MoveHor           spaceinvaders.o
    0x000012f8   0x00000010   Code   RO          484    i.Output_Init       st7735.o
    0x00001308   0x0000007c   Code   RO          774    i.PLL_Init          pll.o
    0x00001384   0x00000054   Code   RO          226    i.PLasers           spaceinvaders.o
    0x000013d8   0x00000040   Code   RO          227    i.Pause             spaceinvaders.o
    0x00001418   0x00000044   Code   RO          228    i.PausedScn         spaceinvaders.o
    0x0000145c   0x0000007c   Code   RO          229    i.PlayerFire        spaceinvaders.o
    0x000014d8   0x000000d8   Code   RO          230    i.PlayerHit         spaceinvaders.o
    0x000015b0   0x00000090   Code   RO          231    i.PortE_Init        spaceinvaders.o
    0x00001640   0x00000090   Code   RO          232    i.PortF_Init        spaceinvaders.o
    0x000016d0   0x00000016   Code   RO          233    i.RandomNumber      spaceinvaders.o
    0x000016e6   0x00000002   PAD
    0x000016e8   0x00000120   Code   RO          488    i.ST7735_DrawBitmap  st7735.o
    0x00001808   0x000000f4   Code   RO          490    i.ST7735_DrawCharS  st7735.o
    0x000018fc   0x00000048   Code   RO          494    i.ST7735_DrawPixel  st7735.o
    0x00001944   0x00000054   Code   RO          496    i.ST7735_DrawString  st7735.o
    0x00001998   0x000000ac   Code   RO          497    i.ST7735_FillRect   st7735.o
    0x00001a44   0x00000024   Code   RO          498    i.ST7735_FillScreen  st7735.o
    0x00001a68   0x0000007c   Code   RO          500    i.ST7735_InitR      st7735.o
    0x00001ae4   0x000000d4   Code   RO          502    i.ST7735_OutChar    st7735.o
    0x00001bb8   0x00000016   Code   RO          503    i.ST7735_OutString  st7735.o
    0x00001bce   0x00000002   PAD
    0x00001bd0   0x00000020   Code   RO          513    i.ST7735_SetCursor  st7735.o
    0x00001bf0   0x0000000c   Code   RO          234    i.SetButton1        spaceinvaders.o
    0x00001bfc   0x0000000c   Code   RO          235    i.SetButton2        spaceinvaders.o
    0x00001c08   0x00000030   Code   RO          122    i.Sound_Init        sound.o
    0x00001c38   0x00000014   Code   RO          123    i.Sound_Killed      sound.o
    0x00001c4c   0x00000088   Code   RO          124    i.Sound_Master      sound.o
    0x00001cd4   0x00000028   Code   RO          125    i.Sound_Play        sound.o
    0x00001cfc   0x00000014   Code   RO          126    i.Sound_Shoot       sound.o
    0x00001d10   0x0000000c   Code   RO          236    i.StartCheck        spaceinvaders.o
    0x00001d1c   0x00000044   Code   RO          237    i.StartScn          spaceinvaders.o
    0x00001d60   0x0000000e   Code   RO          238    i.SysTick_Handler   spaceinvaders.o
    0x00001d6e   0x00000002   PAD
    0x00001d70   0x0000001c   Code   RO          239    i.SysTick_Init      spaceinvaders.o
    0x00001d8c   0x00000018   Code   RO           71    i.Timer0A_Handler   timer0.o
    0x00001da4   0x00000060   Code   RO           72    i.Timer0_Init       timer0.o
    0x00001e04   0x00000018   Code   RO           95    i.Timer1A_Handler   timer1.o
    0x00001e1c   0x00000060   Code   RO           96    i.Timer1_Init       timer1.o
    0x00001e7c   0x00000024   Code   RO          240    i.UpdateScore       spaceinvaders.o
    0x00001ea0   0x00000018   Code   RO          241    i.Win               spaceinvaders.o
    0x00001eb8   0x00000044   Code   RO          242    i.WinScn            spaceinvaders.o
    0x00001efc   0x00000056   Code   RO          517    i.commandList       st7735.o
    0x00001f52   0x00000002   PAD
    0x00001f54   0x00000184   Code   RO          518    i.commonInit        st7735.o
    0x000020d8   0x00000094   Code   RO          243    i.main              spaceinvaders.o
    0x0000216c   0x00000012   Code   RO          524    i.pushColor         st7735.o
    0x0000217e   0x00000002   PAD
    0x00002180   0x00000074   Code   RO          525    i.setAddrWindow     st7735.o
    0x000021f4   0x00000038   Code   RO          526    i.writecommand      st7735.o
    0x0000222c   0x00000020   Code   RO          527    i.writedata         st7735.o
    0x0000224c   0x00003c4b   Data   RO          127    .constdata          sound.o
    0x00005e97   0x00000001   PAD
    0x00005e98   0x0000106c   Data   RO          245    .constdata          spaceinvaders.o
    0x00006f04   0x00000842   Data   RO          529    .constdata          st7735.o
    0x00007746   0x00000002   PAD
    0x00007748   0x00000020   Data   RO          942    Region$$Table       anon$$obj.o


    Execution Region ER_RW (Base: 0x20000000, Size: 0x000000b8, Max: 0xffffffff, ABSOLUTE)

    Base Addr    Size         Type   Attr      Idx    E Section Name        Object

    0x20000000   0x00000004   Data   RW           73    .data               timer0.o
    0x20000004   0x00000004   Data   RW           97    .data               timer1.o
    0x20000008   0x00000014   Data   RW          128    .data               sound.o
    0x2000001c   0x00000060   Data   RW          246    .data               spaceinvaders.o
    0x2000007c   0x0000002c   Data   RW          530    .data               st7735.o
    0x200000a8   0x00000004   Data   RW           12    DATA                random.o
    0x200000ac   0x0000000c   Data   RW          198    DATA                print.o


    Execution Region ER_ZI (Base: 0x200000b8, Size: 0x00000800, Max: 0xffffffff, ABSOLUTE)

    Base Addr    Size         Type   Attr      Idx    E Section Name        Object

    0x200000b8   0x0000039c   Zero   RW          244    .bss                spaceinvaders.o
    0x20000454   0x00000060   Zero   RW          819    .bss                c_w.l(libspace.o)
    0x200004b4   0x00000004   PAD
    0x200004b8   0x00000000   Zero   RW            2    HEAP                startup.o
    0x200004b8   0x00000400   Zero   RW            1    STACK               startup.o


==============================================================================

Image component sizes


      Code (inc. data)   RO Data    RW Data    ZI Data      Debug   Object Name

       288         44          0          0          0        862   adc.o
       140         34          0          0          0       4997   dac.o
       124          6          0          0          0        407   pll.o
       456          4          0         12          0        320   print.o
        64         14          0          4          0        192   random.o
       264         72      15435         20          0       3095   sound.o
      4200        768       4204         96        924      21173   spaceinvaders.o
      2030        200       2114         44          0      12891   st7735.o
       692        632          0          0       1024        884   startup.o
       120         28          0          4          0       1236   timer0.o
       120         28          0          4          0       1236   timer1.o

    ----------------------------------------------------------------------
      8508       1830      21788        184       1948      47293   Object Totals
         0          0         32          0          0          0   (incl. Generated)
        10          0          3          0          0          0   (incl. Padding)

    ----------------------------------------------------------------------

      Code (inc. data)   RO Data    RW Data    ZI Data      Debug   Library Member Name

         8          0          0          0          0         68   __main.o
        52          8          0          0          0          0   __scatter.o
        26          0          0          0          0          0   __scatter_copy.o
        28          0          0          0          0          0   __scatter_zi.o
        12          0          0          0          0         72   exit.o
         6          0          0          0          0        152   heapauxi.o
         0          0          0          0          0          0   indicate_semi.o
         2          0          0          0          0          0   libinit.o
         2          0          0          0          0          0   libinit2.o
         2          0          0          0          0          0   libshutdown.o
         2          0          0          0          0          0   libshutdown2.o
         8          4          0          0         96         68   libspace.o
         0          0          0          0          0          0   rtentry.o
        12          0          0          0          0          0   rtentry2.o
         6          0          0          0          0          0   rtentry4.o
         2          0          0          0          0          0   rtexit.o
        10          0          0          0          0          0   rtexit2.o
        12          4          0          0          0         68   sys_exit.o
        74          0          0          0          0         80   sys_stackheap_outer.o
         2          0          0          0          0         68   use_no_semi.o

    ----------------------------------------------------------------------
       272         16          0          0        100        576   Library Totals
         6          0          0          0          4          0   (incl. Padding)

    ----------------------------------------------------------------------

      Code (inc. data)   RO Data    RW Data    ZI Data      Debug   Library Name

       266         16          0          0         96        576   c_w.l

    ----------------------------------------------------------------------
       272         16          0          0        100        576   Library Totals

    ----------------------------------------------------------------------

==============================================================================


      Code (inc. data)   RO Data    RW Data    ZI Data      Debug   

      8780       1846      21788        184       2048      44021   Grand Totals
      8780       1846      21788        184       2048      44021   ELF Image Totals
      8780       1846      21788        184          0          0   ROM Totals

==============================================================================

    Total RO  Size (Code + RO Data)                30568 (  29.85kB)
    Total RW  Size (RW Data + ZI Data)              2232 (   2.18kB)
    Total ROM Size (Code + RO Data + RW Data)      30752 (  30.03kB)

==============================================================================

